Archive member included to satisfy reference by file (symbol)

/usr/lib/gcc/arm-none-eabi/9.2.1/../../../arm-none-eabi/lib/thumb/v7e-m+fp/hard/libc_nano.a(lib_a-atexit.o)
                              /usr/lib/gcc/arm-none-eabi/9.2.1/../../../arm-none-eabi/lib/thumb/v7e-m+fp/hard/crt0.o (atexit)
/usr/lib/gcc/arm-none-eabi/9.2.1/../../../arm-none-eabi/lib/thumb/v7e-m+fp/hard/libc_nano.a(lib_a-errno.o)
                              ./Core/Src/syscalls.o (__errno)
/usr/lib/gcc/arm-none-eabi/9.2.1/../../../arm-none-eabi/lib/thumb/v7e-m+fp/hard/libc_nano.a(lib_a-exit.o)
                              /usr/lib/gcc/arm-none-eabi/9.2.1/../../../arm-none-eabi/lib/thumb/v7e-m+fp/hard/crt0.o (exit)
/usr/lib/gcc/arm-none-eabi/9.2.1/../../../arm-none-eabi/lib/thumb/v7e-m+fp/hard/libc_nano.a(lib_a-fini.o)
                              /usr/lib/gcc/arm-none-eabi/9.2.1/../../../arm-none-eabi/lib/thumb/v7e-m+fp/hard/crt0.o (__libc_fini_array)
/usr/lib/gcc/arm-none-eabi/9.2.1/../../../arm-none-eabi/lib/thumb/v7e-m+fp/hard/libc_nano.a(lib_a-impure.o)
                              /usr/lib/gcc/arm-none-eabi/9.2.1/../../../arm-none-eabi/lib/thumb/v7e-m+fp/hard/libc_nano.a(lib_a-exit.o) (_global_impure_ptr)
/usr/lib/gcc/arm-none-eabi/9.2.1/../../../arm-none-eabi/lib/thumb/v7e-m+fp/hard/libc_nano.a(lib_a-init.o)
                              /usr/lib/gcc/arm-none-eabi/9.2.1/../../../arm-none-eabi/lib/thumb/v7e-m+fp/hard/crt0.o (__libc_init_array)
/usr/lib/gcc/arm-none-eabi/9.2.1/../../../arm-none-eabi/lib/thumb/v7e-m+fp/hard/libc_nano.a(lib_a-memset.o)
                              /usr/lib/gcc/arm-none-eabi/9.2.1/../../../arm-none-eabi/lib/thumb/v7e-m+fp/hard/crt0.o (memset)
/usr/lib/gcc/arm-none-eabi/9.2.1/../../../arm-none-eabi/lib/thumb/v7e-m+fp/hard/libc_nano.a(lib_a-sprintf.o)
                              ./Core/Src/main.o (sprintf)
/usr/lib/gcc/arm-none-eabi/9.2.1/../../../arm-none-eabi/lib/thumb/v7e-m+fp/hard/libc_nano.a(lib_a-__atexit.o)
                              /usr/lib/gcc/arm-none-eabi/9.2.1/../../../arm-none-eabi/lib/thumb/v7e-m+fp/hard/libc_nano.a(lib_a-atexit.o) (__register_exitproc)
/usr/lib/gcc/arm-none-eabi/9.2.1/../../../arm-none-eabi/lib/thumb/v7e-m+fp/hard/libc_nano.a(lib_a-__call_atexit.o)
                              /usr/lib/gcc/arm-none-eabi/9.2.1/../../../arm-none-eabi/lib/thumb/v7e-m+fp/hard/libc_nano.a(lib_a-__atexit.o) (__call_exitprocs)
/usr/lib/gcc/arm-none-eabi/9.2.1/../../../arm-none-eabi/lib/thumb/v7e-m+fp/hard/libc_nano.a(lib_a-nano-svfprintf.o)
                              /usr/lib/gcc/arm-none-eabi/9.2.1/../../../arm-none-eabi/lib/thumb/v7e-m+fp/hard/libc_nano.a(lib_a-sprintf.o) (_svfprintf_r)
/usr/lib/gcc/arm-none-eabi/9.2.1/../../../arm-none-eabi/lib/thumb/v7e-m+fp/hard/libc_nano.a(lib_a-nano-vfprintf_i.o)
                              /usr/lib/gcc/arm-none-eabi/9.2.1/../../../arm-none-eabi/lib/thumb/v7e-m+fp/hard/libc_nano.a(lib_a-nano-svfprintf.o) (_printf_i)
/usr/lib/gcc/arm-none-eabi/9.2.1/../../../arm-none-eabi/lib/thumb/v7e-m+fp/hard/libc_nano.a(lib_a-memchr.o)
                              /usr/lib/gcc/arm-none-eabi/9.2.1/../../../arm-none-eabi/lib/thumb/v7e-m+fp/hard/libc_nano.a(lib_a-nano-svfprintf.o) (memchr)
/usr/lib/gcc/arm-none-eabi/9.2.1/../../../arm-none-eabi/lib/thumb/v7e-m+fp/hard/libc_nano.a(lib_a-memcpy.o)
                              /usr/lib/gcc/arm-none-eabi/9.2.1/../../../arm-none-eabi/lib/thumb/v7e-m+fp/hard/libc_nano.a(lib_a-nano-svfprintf.o) (memcpy)
/usr/lib/gcc/arm-none-eabi/9.2.1/../../../arm-none-eabi/lib/thumb/v7e-m+fp/hard/libc_nano.a(lib_a-memmove.o)
                              /usr/lib/gcc/arm-none-eabi/9.2.1/../../../arm-none-eabi/lib/thumb/v7e-m+fp/hard/libc_nano.a(lib_a-nano-svfprintf.o) (memmove)
/usr/lib/gcc/arm-none-eabi/9.2.1/../../../arm-none-eabi/lib/thumb/v7e-m+fp/hard/libc_nano.a(lib_a-nano-freer.o)
                              /usr/lib/gcc/arm-none-eabi/9.2.1/../../../arm-none-eabi/lib/thumb/v7e-m+fp/hard/libc_nano.a(lib_a-nano-svfprintf.o) (_free_r)
/usr/lib/gcc/arm-none-eabi/9.2.1/../../../arm-none-eabi/lib/thumb/v7e-m+fp/hard/libc_nano.a(lib_a-nano-mallocr.o)
                              /usr/lib/gcc/arm-none-eabi/9.2.1/../../../arm-none-eabi/lib/thumb/v7e-m+fp/hard/libc_nano.a(lib_a-nano-svfprintf.o) (_malloc_r)
/usr/lib/gcc/arm-none-eabi/9.2.1/../../../arm-none-eabi/lib/thumb/v7e-m+fp/hard/libc_nano.a(lib_a-nano-reallocr.o)
                              /usr/lib/gcc/arm-none-eabi/9.2.1/../../../arm-none-eabi/lib/thumb/v7e-m+fp/hard/libc_nano.a(lib_a-nano-svfprintf.o) (_realloc_r)
/usr/lib/gcc/arm-none-eabi/9.2.1/../../../arm-none-eabi/lib/thumb/v7e-m+fp/hard/libc_nano.a(lib_a-sbrkr.o)
                              /usr/lib/gcc/arm-none-eabi/9.2.1/../../../arm-none-eabi/lib/thumb/v7e-m+fp/hard/libc_nano.a(lib_a-nano-mallocr.o) (_sbrk_r)
/usr/lib/gcc/arm-none-eabi/9.2.1/../../../arm-none-eabi/lib/thumb/v7e-m+fp/hard/libc_nano.a(lib_a-mlock.o)
[...]
Memory Configuration

Name             Origin             Length             Attributes
RAM              0x0000000020000000 0x0000000000018000 xrw
RAM2             0x0000000010000000 0x0000000000008000 xrw
FLASH            0x0000000008000000 0x0000000000100000 xr
*default*        0x0000000000000000 0xffffffffffffffff

Linker script and memory map

LOAD /usr/lib/gcc/arm-none-eabi/9.2.1/thumb/v7e-m+fp/hard/crti.o
LOAD /usr/lib/gcc/arm-none-eabi/9.2.1/thumb/v7e-m+fp/hard/crtbegin.o
LOAD /usr/lib/gcc/arm-none-eabi/9.2.1/../../../arm-none-eabi/lib/thumb/v7e-m+fp/hard/crt0.o
LOAD ./Core/Src/BMP280/bmp280.o
LOAD ./Core/Src/gpio.o
LOAD ./Core/Src/i2c.o
LOAD ./Core/Src/main.o
LOAD ./Core/Src/stm32l4xx_hal_msp.o
LOAD ./Core/Src/stm32l4xx_it.o
LOAD ./Core/Src/syscalls.o
LOAD ./Core/Src/sysmem.o
LOAD ./Core/Src/system_stm32l4xx.o
LOAD ./Core/Src/usart.o
LOAD ./Core/Startup/startup_stm32l476rgtx.o
LOAD ./Drivers/STM32L4xx_HAL_Driver/Src/stm32l4xx_hal.o
LOAD ./Drivers/STM32L4xx_HAL_Driver/Src/stm32l4xx_hal_cortex.o
LOAD ./Drivers/STM32L4xx_HAL_Driver/Src/stm32l4xx_hal_dma.o
LOAD ./Drivers/STM32L4xx_HAL_Driver/Src/stm32l4xx_hal_dma_ex.o
LOAD ./Drivers/STM32L4xx_HAL_Driver/Src/stm32l4xx_hal_exti.o
LOAD ./Drivers/STM32L4xx_HAL_Driver/Src/stm32l4xx_hal_flash.o
LOAD ./Drivers/STM32L4xx_HAL_Driver/Src/stm32l4xx_hal_flash_ex.o
LOAD ./Drivers/STM32L4xx_HAL_Driver/Src/stm32l4xx_hal_flash_ramfunc.o
LOAD ./Drivers/STM32L4xx_HAL_Driver/Src/stm32l4xx_hal_gpio.o
LOAD ./Drivers/STM32L4xx_HAL_Driver/Src/stm32l4xx_hal_i2c.o
LOAD ./Drivers/STM32L4xx_HAL_Driver/Src/stm32l4xx_hal_i2c_ex.o
LOAD ./Drivers/STM32L4xx_HAL_Driver/Src/stm32l4xx_hal_pwr.o
LOAD ./Drivers/STM32L4xx_HAL_Driver/Src/stm32l4xx_hal_pwr_ex.o
LOAD ./Drivers/STM32L4xx_HAL_Driver/Src/stm32l4xx_hal_rcc.o
LOAD ./Drivers/STM32L4xx_HAL_Driver/Src/stm32l4xx_hal_rcc_ex.o
LOAD ./Drivers/STM32L4xx_HAL_Driver/Src/stm32l4xx_hal_tim.o
LOAD ./Drivers/STM32L4xx_HAL_Driver/Src/stm32l4xx_hal_tim_ex.o
LOAD ./Drivers/STM32L4xx_HAL_Driver/Src/stm32l4xx_hal_uart.o
LOAD ./Drivers/STM32L4xx_HAL_Driver/Src/stm32l4xx_hal_uart_ex.o
START GROUP
LOAD /usr/lib/gcc/arm-none-eabi/9.2.1/../../../arm-none-eabi/lib/thumb/v7e-m+fp/hard/libc_nano.a
LOAD /usr/lib/gcc/arm-none-eabi/9.2.1/../../../arm-none-eabi/lib/thumb/v7e-m+fp/hard/libm.a
END GROUP
START GROUP
LOAD /usr/lib/gcc/arm-none-eabi/9.2.1/thumb/v7e-m+fp/hard/libgcc.a
LOAD /usr/lib/gcc/arm-none-eabi/9.2.1/../../../arm-none-eabi/lib/thumb/v7e-m+fp/hard/libc_nano.a
END GROUP
START GROUP
LOAD /usr/lib/gcc/arm-none-eabi/9.2.1/thumb/v7e-m+fp/hard/libgcc.a
LOAD /usr/lib/gcc/arm-none-eabi/9.2.1/../../../arm-none-eabi/lib/thumb/v7e-m+fp/hard/libc_nano.a
LOAD /usr/lib/gcc/arm-none-eabi/9.2.1/../../../arm-none-eabi/lib/thumb/v7e-m+fp/hard/libnosys.a
END GROUP
START GROUP
LOAD /usr/lib/gcc/arm-none-eabi/9.2.1/thumb/v7e-m+fp/hard/libgcc.a
LOAD /usr/lib/gcc/arm-none-eabi/9.2.1/../../../arm-none-eabi/lib/thumb/v7e-m+fp/hard/libc_nano.a
LOAD /usr/lib/gcc/arm-none-eabi/9.2.1/../../../arm-none-eabi/lib/thumb/v7e-m+fp/hard/libnosys.a
END GROUP
LOAD /usr/lib/gcc/arm-none-eabi/9.2.1/thumb/v7e-m+fp/hard/crtend.o
LOAD /usr/lib/gcc/arm-none-eabi/9.2.1/thumb/v7e-m+fp/hard/crtn.o
                0x0000000020018000                _estack = (ORIGIN (RAM) + LENGTH (RAM))
                0x0000000000000200                _Min_Heap_Size = 0x200
                0x0000000000000400                _Min_Stack_Size = 0x400

.isr_vector     0x0000000008000000      0x188
                0x0000000008000000                . = ALIGN (0x4)
 *(.isr_vector)
 .isr_vector    0x0000000008000000      0x188 ./Core/Startup/startup_stm32l476rgtx.o
                0x0000000008000000                g_pfnVectors
                0x0000000008000188                . = ALIGN (0x4)

.text           0x0000000008000190     0x5a40
                0x0000000008000190                . = ALIGN (0x4)
 *(.text)
 .text          0x0000000008000190       0x88 /usr/lib/gcc/arm-none-eabi/9.2.1/thumb/v7e-m+fp/hard/crtbegin.o
 .text          0x0000000008000218        0xc /usr/lib/gcc/arm-none-eabi/9.2.1/../../../arm-none-eabi/lib/thumb/v7e-m+fp/hard/libc_nano.a(lib_a-errno.o)
                0x0000000008000218                __errno
 .text          0x0000000008000224       0x48 /usr/lib/gcc/arm-none-eabi/9.2.1/../../../arm-none-eabi/lib/thumb/v7e-m+fp/hard/libc_nano.a(lib_a-init.o)
                0x0000000008000224                __libc_init_array
 .text          0x000000000800026c       0xa0 /usr/lib/gcc/arm-none-eabi/9.2.1/../../../arm-none-eabi/lib/thumb/v7e-m+fp/hard/libc_nano.a(lib_a-memset.o)
                0x000000000800026c                memset
 .text          0x000000000800030c       0x80 /usr/lib/gcc/arm-none-eabi/9.2.1/../../../arm-none-eabi/lib/thumb/v7e-m+fp/hard/libc_nano.a(lib_a-sprintf.o)
                0x000000000800030c                _siprintf_r
                0x000000000800030c                _sprintf_r
                0x0000000008000348                sprintf
                0x0000000008000348                siprintf
 .text          0x000000000800038c      0x42c /usr/lib/gcc/arm-none-eabi/9.2.1/../../../arm-none-eabi/lib/thumb/v7e-m+fp/hard/libc_nano.a(lib_a-nano-svfprintf.o)
                0x000000000800038c                __ssputs_r
                0x000000000800044c                __ssprint_r
                0x0000000008000544                _svfprintf_r
                0x0000000008000544                _svfiprintf_r
 .text          0x00000000080007b8      0x3c4 /usr/lib/gcc/arm-none-eabi/9.2.1/../../../arm-none-eabi/lib/thumb/v7e-m+fp/hard/libc_nano.a(lib_a-nano-vfprintf_i.o)
                0x00000000080007b8                _printf_common
                0x00000000080008e4                _printf_i
 *fill*         0x0000000008000b7c        0x4 
 .text          0x0000000008000b80       0xa0 /usr/lib/gcc/arm-none-eabi/9.2.1/../../../arm-none-eabi/lib/thumb/v7e-m+fp/hard/libc_nano.a(lib_a-memchr.o)
                0x0000000008000b80                memchr
 .text          0x0000000008000c20      0x134 /usr/lib/gcc/arm-none-eabi/9.2.1/../../../arm-none-eabi/lib/thumb/v7e-m+fp/hard/libc_nano.a(lib_a-memcpy.o)
                0x0000000008000c20                memcpy
 .text          0x0000000008000d54       0xd0 /usr/lib/gcc/arm-none-eabi/9.2.1/../../../arm-none-eabi/lib/thumb/v7e-m+fp/hard/libc_nano.a(lib_a-memmove.o)
                0x0000000008000d54                memmove
 .text          0x0000000008000e24       0xac /usr/lib/gcc/arm-none-eabi/9.2.1/../../../arm-none-eabi/lib/thumb/v7e-m+fp/hard/libc_nano.a(lib_a-nano-freer.o)
                0x0000000008000e24                _free_r
 .text          0x0000000008000ed0       0xc8 /usr/lib/gcc/arm-none-eabi/9.2.1/../../../arm-none-eabi/lib/thumb/v7e-m+fp/hard/libc_nano.a(lib_a-nano-mallocr.o)
                0x0000000008000ed0                _malloc_r
 .text          0x0000000008000f98       0x4c /usr/lib/gcc/arm-none-eabi/9.2.1/../../../arm-none-eabi/lib/thumb/v7e-m+fp/hard/libc_nano.a(lib_a-nano-reallocr.o)
                0x0000000008000f98                _realloc_r
 .text          0x0000000008000fe4       0x24 /usr/lib/gcc/arm-none-eabi/9.2.1/../../../arm-none-eabi/lib/thumb/v7e-m+fp/hard/libc_nano.a(lib_a-sbrkr.o)
                0x0000000008000fe4                _sbrk_r
 .text          0x0000000008001008        0x8 /usr/lib/gcc/arm-none-eabi/9.2.1/../../../arm-none-eabi/lib/thumb/v7e-m+fp/hard/libc_nano.a(lib_a-mlock.o)
                0x0000000008001008                __malloc_lock
                0x000000000800100c                __malloc_unlock
 .text          0x0000000008001010       0x10 /usr/lib/gcc/arm-none-eabi/9.2.1/../../../arm-none-eabi/lib/thumb/v7e-m+fp/hard/libc_nano.a(lib_a-nano-msizer.o)
                0x0000000008001010                _malloc_usable_size_r
 .text          0x0000000008001020      0x378 /usr/lib/gcc/arm-none-eabi/9.2.1/thumb/v7e-m+fp/hard/libgcc.a(_arm_addsubdf3.o)
                0x0000000008001020                __aeabi_drsub
                0x0000000008001028                __aeabi_dsub
                0x0000000008001028                __subdf3
                0x000000000800102c                __adddf3
                0x000000000800102c                __aeabi_dadd
                0x00000000080012a4                __aeabi_ui2d
                0x00000000080012a4                __floatunsidf
                0x00000000080012c4                __floatsidf
                0x00000000080012c4                __aeabi_i2d
                0x00000000080012e8                __extendsfdf2
                0x00000000080012e8                __aeabi_f2d
                0x000000000800132c                __aeabi_ul2d
                0x000000000800132c                __floatundidf
                0x000000000800133c                __floatdidf
                0x000000000800133c                __aeabi_l2d
 .text          0x0000000008001398       0xa0 /usr/lib/gcc/arm-none-eabi/9.2.1/thumb/v7e-m+fp/hard/libgcc.a(_aeabi_ldivmod.o)
                0x0000000008001398                __aeabi_ldivmod
 .text          0x0000000008001438       0x30 /usr/lib/gcc/arm-none-eabi/9.2.1/thumb/v7e-m+fp/hard/libgcc.a(_aeabi_uldivmod.o)
                0x0000000008001438                __aeabi_uldivmod
 .text          0x0000000008001468      0x2c4 /usr/lib/gcc/arm-none-eabi/9.2.1/thumb/v7e-m+fp/hard/libgcc.a(_udivmoddi4.o)
                0x0000000008001468                __udivmoddi4
 .text          0x000000000800172c        0x4 /usr/lib/gcc/arm-none-eabi/9.2.1/thumb/v7e-m+fp/hard/libgcc.a(_dvmd_tls.o)
                0x000000000800172c                __aeabi_ldiv0
                0x000000000800172c                __aeabi_idiv0
 *(.text*)
 .text.bmp280_init_default_params
                0x0000000008001730       0x38 ./Core/Src/BMP280/bmp280.o
                0x0000000008001730                bmp280_init_default_params
 .text.read_register16
                0x0000000008001768       0x5e ./Core/Src/BMP280/bmp280.o
 .text.read_data
                0x00000000080017c6       0x50 ./Core/Src/BMP280/bmp280.o
 .text.read_calibration_data
                0x0000000008001816      0x104 ./Core/Src/BMP280/bmp280.o
 .text.read_hum_calibration_data
                0x000000000800191a       0xc0 ./Core/Src/BMP280/bmp280.o
 .text.write_register8
                0x00000000080019da       0x4a ./Core/Src/BMP280/bmp280.o
 .text.bmp280_init
                0x0000000008001a24      0x15a ./Core/Src/BMP280/bmp280.o
                0x0000000008001a24                bmp280_init
 .text.compensate_temperature
                0x0000000008001b7e       0x72 ./Core/Src/BMP280/bmp280.o
 .text.compensate_pressure
                0x0000000008001bf0      0x388 ./Core/Src/BMP280/bmp280.o
 .text.compensate_humidity
                0x0000000008001f78       0xbe ./Core/Src/BMP280/bmp280.o
 .text.bmp280_read_fixed
                0x0000000008002036       0xca ./Core/Src/BMP280/bmp280.o
                0x0000000008002036                bmp280_read_fixed
 .text.bmp280_read_float
                0x0000000008002100       0x98 ./Core/Src/BMP280/bmp280.o
                0x0000000008002100                bmp280_read_float
 .text.MX_GPIO_Init
                0x0000000008002198       0xcc ./Core/Src/gpio.o
                0x0000000008002198                MX_GPIO_Init
 .text.MX_I2C1_Init
                0x0000000008002264       0x80 ./Core/Src/i2c.o
                0x0000000008002264                MX_I2C1_Init
 .text.HAL_I2C_MspInit
                0x00000000080022e4       0xbc ./Core/Src/i2c.o
                0x00000000080022e4                HAL_I2C_MspInit
 .text.main     0x00000000080023a0      0x1d8 ./Core/Src/main.o
                0x00000000080023a0                main
 .text.SystemClock_Config
                0x0000000008002578       0xa2 ./Core/Src/main.o
                0x0000000008002578                SystemClock_Config
 .text.Error_Handler
                0x000000000800261a        0xa ./Core/Src/main.o
                0x000000000800261a                Error_Handler
 .text.HAL_MspInit
                0x0000000008002624       0x48 ./Core/Src/stm32l4xx_hal_msp.o
                0x0000000008002624                HAL_MspInit
 .text.NMI_Handler
                0x000000000800266c        0x6 ./Core/Src/stm32l4xx_it.o
                0x000000000800266c                NMI_Handler
 .text.HardFault_Handler
                0x0000000008002672        0x6 ./Core/Src/stm32l4xx_it.o
                0x0000000008002672                HardFault_Handler
 .text.MemManage_Handler
                0x0000000008002678        0x6 ./Core/Src/stm32l4xx_it.o
                0x0000000008002678                MemManage_Handler
 .text.BusFault_Handler
                0x000000000800267e        0x6 ./Core/Src/stm32l4xx_it.o
                0x000000000800267e                BusFault_Handler
 .text.UsageFault_Handler
                0x0000000008002684        0x6 ./Core/Src/stm32l4xx_it.o
                0x0000000008002684                UsageFault_Handler
 .text.SVC_Handler
                0x000000000800268a        0xe ./Core/Src/stm32l4xx_it.o
                0x000000000800268a                SVC_Handler
 .text.DebugMon_Handler
                0x0000000008002698        0xe ./Core/Src/stm32l4xx_it.o
                0x0000000008002698                DebugMon_Handler
 .text.PendSV_Handler
                0x00000000080026a6        0xe ./Core/Src/stm32l4xx_it.o
                0x00000000080026a6                PendSV_Handler
 .text.SysTick_Handler
                0x00000000080026b4        0xc ./Core/Src/stm32l4xx_it.o
                0x00000000080026b4                SysTick_Handler
 .text._sbrk    0x00000000080026c0       0x6c ./Core/Src/sysmem.o
                0x00000000080026c0                _sbrk
 .text.SystemInit
                0x000000000800272c       0x24 ./Core/Src/system_stm32l4xx.o
                0x000000000800272c                SystemInit
 .text.MX_USART2_UART_Init
                0x0000000008002750       0x60 ./Core/Src/usart.o
                0x0000000008002750                MX_USART2_UART_Init
 .text.HAL_UART_MspInit
                0x00000000080027b0       0xb8 ./Core/Src/usart.o
                0x00000000080027b0                HAL_UART_MspInit
 .text.Reset_Handler
                0x0000000008002868       0x50 ./Core/Startup/startup_stm32l476rgtx.o
                0x0000000008002868                Reset_Handler
 .text.Default_Handler
                0x00000000080028b8        0x2 ./Core/Startup/startup_stm32l476rgtx.o
                0x00000000080028b8                RTC_Alarm_IRQHandler
                0x00000000080028b8                EXTI2_IRQHandler
                0x00000000080028b8                TIM8_TRG_COM_IRQHandler
                0x00000000080028b8                TIM8_CC_IRQHandler
                0x00000000080028b8                TIM1_CC_IRQHandler
                0x00000000080028b8                TSC_IRQHandler
                0x00000000080028b8                TAMP_STAMP_IRQHandler
                0x00000000080028b8                EXTI3_IRQHandler
                0x00000000080028b8                LPTIM2_IRQHandler
                0x00000000080028b8                DFSDM1_FLT1_IRQHandler
                0x00000000080028b8                I2C3_ER_IRQHandler
                0x00000000080028b8                DFSDM1_FLT2_IRQHandler
                0x00000000080028b8                EXTI0_IRQHandler
                0x00000000080028b8                I2C2_EV_IRQHandler
                0x00000000080028b8                CAN1_RX0_IRQHandler
                0x00000000080028b8                FPU_IRQHandler
                0x00000000080028b8                TIM1_UP_TIM16_IRQHandler
                0x00000000080028b8                ADC1_2_IRQHandler
                0x00000000080028b8                SPI1_IRQHandler
                0x00000000080028b8                TIM6_DAC_IRQHandler
                0x00000000080028b8                TIM8_UP_IRQHandler
                0x00000000080028b8                DMA2_Channel2_IRQHandler
                0x00000000080028b8                DMA1_Channel4_IRQHandler
                0x00000000080028b8                SAI2_IRQHandler
                0x00000000080028b8                DFSDM1_FLT3_IRQHandler
                0x00000000080028b8                USART3_IRQHandler
                0x00000000080028b8                DMA1_Channel7_IRQHandler
                0x00000000080028b8                CAN1_RX1_IRQHandler
                0x00000000080028b8                LCD_IRQHandler
                0x00000000080028b8                UART5_IRQHandler
                0x00000000080028b8                ADC3_IRQHandler
                0x00000000080028b8                TIM4_IRQHandler
                0x00000000080028b8                DMA2_Channel1_IRQHandler
                0x00000000080028b8                QUADSPI_IRQHandler
                0x00000000080028b8                I2C1_EV_IRQHandler
                0x00000000080028b8                DMA1_Channel6_IRQHandler
                0x00000000080028b8                UART4_IRQHandler
                0x00000000080028b8                DMA2_Channel4_IRQHandler
                0x00000000080028b8                TIM3_IRQHandler
                0x00000000080028b8                RCC_IRQHandler
                0x00000000080028b8                DMA1_Channel1_IRQHandler
                0x00000000080028b8                Default_Handler
                0x00000000080028b8                DMA2_Channel7_IRQHandler
                0x00000000080028b8                EXTI15_10_IRQHandler
                0x00000000080028b8                TIM7_IRQHandler
                0x00000000080028b8                SDMMC1_IRQHandler
                0x00000000080028b8                TIM5_IRQHandler
                0x00000000080028b8                I2C3_EV_IRQHandler
                0x00000000080028b8                EXTI9_5_IRQHandler
                0x00000000080028b8                RTC_WKUP_IRQHandler
                0x00000000080028b8                PVD_PVM_IRQHandler
                0x00000000080028b8                SPI2_IRQHandler
                0x00000000080028b8                CAN1_TX_IRQHandler
                0x00000000080028b8                DMA2_Channel5_IRQHandler
                0x00000000080028b8                DMA1_Channel5_IRQHandler
                0x00000000080028b8                EXTI4_IRQHandler
                0x00000000080028b8                RNG_IRQHandler
                0x00000000080028b8                TIM1_TRG_COM_TIM17_IRQHandler
                0x00000000080028b8                DMA1_Channel3_IRQHandler
                0x00000000080028b8                COMP_IRQHandler
                0x00000000080028b8                WWDG_IRQHandler
                0x00000000080028b8                LPUART1_IRQHandler
                0x00000000080028b8                DMA2_Channel6_IRQHandler
                0x00000000080028b8                TIM2_IRQHandler
                0x00000000080028b8                EXTI1_IRQHandler
                0x00000000080028b8                USART2_IRQHandler
                0x00000000080028b8                DFSDM1_FLT0_IRQHandler
                0x00000000080028b8                I2C2_ER_IRQHandler
                0x00000000080028b8                DMA1_Channel2_IRQHandler
                0x00000000080028b8                TIM8_BRK_IRQHandler
                0x00000000080028b8                CAN1_SCE_IRQHandler
                0x00000000080028b8                FLASH_IRQHandler
                0x00000000080028b8                USART1_IRQHandler
                0x00000000080028b8                OTG_FS_IRQHandler
                0x00000000080028b8                SPI3_IRQHandler
                0x00000000080028b8                I2C1_ER_IRQHandler
                0x00000000080028b8                FMC_IRQHandler
                0x00000000080028b8                SWPMI1_IRQHandler
                0x00000000080028b8                LPTIM1_IRQHandler
                0x00000000080028b8                SAI1_IRQHandler
                0x00000000080028b8                DMA2_Channel3_IRQHandler
                0x00000000080028b8                TIM1_BRK_TIM15_IRQHandler
 *fill*         0x00000000080028ba        0x2 
 .text.HAL_Init
                0x00000000080028bc       0x40 ./Drivers/STM32L4xx_HAL_Driver/Src/stm32l4xx_hal.o
                0x00000000080028bc                HAL_Init
 .text.HAL_InitTick
                0x00000000080028fc       0x78 ./Drivers/STM32L4xx_HAL_Driver/Src/stm32l4xx_hal.o
                0x00000000080028fc                HAL_InitTick
 .text.HAL_IncTick
                0x0000000008002974       0x28 ./Drivers/STM32L4xx_HAL_Driver/Src/stm32l4xx_hal.o
                0x0000000008002974                HAL_IncTick
 .text.HAL_GetTick
                0x000000000800299c       0x18 ./Drivers/STM32L4xx_HAL_Driver/Src/stm32l4xx_hal.o
                0x000000000800299c                HAL_GetTick
 .text.HAL_Delay
                0x00000000080029b4       0x48 ./Drivers/STM32L4xx_HAL_Driver/Src/stm32l4xx_hal.o
                0x00000000080029b4                HAL_Delay
 .text.__NVIC_SetPriorityGrouping
                0x00000000080029fc       0x48 ./Drivers/STM32L4xx_HAL_Driver/Src/stm32l4xx_hal_cortex.o
 .text.__NVIC_GetPriorityGrouping
                0x0000000008002a44       0x1c ./Drivers/STM32L4xx_HAL_Driver/Src/stm32l4xx_hal_cortex.o
 .text.__NVIC_SetPriority
                0x0000000008002a60       0x54 ./Drivers/STM32L4xx_HAL_Driver/Src/stm32l4xx_hal_cortex.o
 .text.NVIC_EncodePriority
                0x0000000008002ab4       0x66 ./Drivers/STM32L4xx_HAL_Driver/Src/stm32l4xx_hal_cortex.o
 *fill*         0x0000000008002b1a        0x2 
 .text.SysTick_Config
                0x0000000008002b1c       0x44 ./Drivers/STM32L4xx_HAL_Driver/Src/stm32l4xx_hal_cortex.o
 .text.HAL_NVIC_SetPriorityGrouping
                0x0000000008002b60       0x16 ./Drivers/STM32L4xx_HAL_Driver/Src/stm32l4xx_hal_cortex.o
                0x0000000008002b60                HAL_NVIC_SetPriorityGrouping
 .text.HAL_NVIC_SetPriority
                0x0000000008002b76       0x38 ./Drivers/STM32L4xx_HAL_Driver/Src/stm32l4xx_hal_cortex.o
                0x0000000008002b76                HAL_NVIC_SetPriority
 .text.HAL_SYSTICK_Config
                0x0000000008002bae       0x18 ./Drivers/STM32L4xx_HAL_Driver/Src/stm32l4xx_hal_cortex.o
                0x0000000008002bae                HAL_SYSTICK_Config
 *fill*         0x0000000008002bc6        0x2 
 .text.HAL_GPIO_Init
                0x0000000008002bc8      0x354 ./Drivers/STM32L4xx_HAL_Driver/Src/stm32l4xx_hal_gpio.o
                0x0000000008002bc8                HAL_GPIO_Init
 .text.HAL_GPIO_WritePin
                0x0000000008002f1c       0x30 ./Drivers/STM32L4xx_HAL_Driver/Src/stm32l4xx_hal_gpio.o
                0x0000000008002f1c                HAL_GPIO_WritePin
 .text.HAL_I2C_Init
                0x0000000008002f4c      0x11e ./Drivers/STM32L4xx_HAL_Driver/Src/stm32l4xx_hal_i2c.o
                0x0000000008002f4c                HAL_I2C_Init
 *fill*         0x000000000800306a        0x2 
 .text.HAL_I2C_Mem_Write
                0x000000000800306c      0x228 ./Drivers/STM32L4xx_HAL_Driver/Src/stm32l4xx_hal_i2c.o
                0x000000000800306c                HAL_I2C_Mem_Write
 .text.HAL_I2C_Mem_Read
                0x0000000008003294      0x234 ./Drivers/STM32L4xx_HAL_Driver/Src/stm32l4xx_hal_i2c.o
                0x0000000008003294                HAL_I2C_Mem_Read
 .text.I2C_RequestMemoryWrite
                0x00000000080034c8       0xa8 ./Drivers/STM32L4xx_HAL_Driver/Src/stm32l4xx_hal_i2c.o
 .text.I2C_RequestMemoryRead
                0x0000000008003570       0xa8 ./Drivers/STM32L4xx_HAL_Driver/Src/stm32l4xx_hal_i2c.o
 .text.I2C_Flush_TXDR
                0x0000000008003618       0x48 ./Drivers/STM32L4xx_HAL_Driver/Src/stm32l4xx_hal_i2c.o
 .text.I2C_WaitOnFlagUntilTimeout
                0x0000000008003660       0x80 ./Drivers/STM32L4xx_HAL_Driver/Src/stm32l4xx_hal_i2c.o
 .text.I2C_WaitOnTXISFlagUntilTimeout
                0x00000000080036e0       0x80 ./Drivers/STM32L4xx_HAL_Driver/Src/stm32l4xx_hal_i2c.o
 .text.I2C_WaitOnSTOPFlagUntilTimeout
                0x0000000008003760       0x78 ./Drivers/STM32L4xx_HAL_Driver/Src/stm32l4xx_hal_i2c.o
 .text.I2C_IsErrorOccurred
                0x00000000080037d8      0x1d8 ./Drivers/STM32L4xx_HAL_Driver/Src/stm32l4xx_hal_i2c.o
 .text.I2C_TransferConfig
                0x00000000080039b0       0x64 ./Drivers/STM32L4xx_HAL_Driver/Src/stm32l4xx_hal_i2c.o
 .text.HAL_I2CEx_ConfigAnalogFilter
                0x0000000008003a14       0x96 ./Drivers/STM32L4xx_HAL_Driver/Src/stm32l4xx_hal_i2c_ex.o
                0x0000000008003a14                HAL_I2CEx_ConfigAnalogFilter
 .text.HAL_I2CEx_ConfigDigitalFilter
                0x0000000008003aaa       0x98 ./Drivers/STM32L4xx_HAL_Driver/Src/stm32l4xx_hal_i2c_ex.o
                0x0000000008003aaa                HAL_I2CEx_ConfigDigitalFilter
 *fill*         0x0000000008003b42        0x2 
 .text.HAL_PWREx_GetVoltageRange
                0x0000000008003b44       0x1c ./Drivers/STM32L4xx_HAL_Driver/Src/stm32l4xx_hal_pwr_ex.o
                0x0000000008003b44                HAL_PWREx_GetVoltageRange
 .text.HAL_PWREx_ControlVoltageScaling
                0x0000000008003b60       0xac ./Drivers/STM32L4xx_HAL_Driver/Src/stm32l4xx_hal_pwr_ex.o
                0x0000000008003b60                HAL_PWREx_ControlVoltageScaling
 .text.HAL_RCC_OscConfig
                0x0000000008003c0c      0x7b4 ./Drivers/STM32L4xx_HAL_Driver/Src/stm32l4xx_hal_rcc.o
                0x0000000008003c0c                HAL_RCC_OscConfig
 .text.HAL_RCC_ClockConfig
                0x00000000080043c0      0x200 ./Drivers/STM32L4xx_HAL_Driver/Src/stm32l4xx_hal_rcc.o
                0x00000000080043c0                HAL_RCC_ClockConfig
 .text.HAL_RCC_GetSysClockFreq
                0x00000000080045c0      0x118 ./Drivers/STM32L4xx_HAL_Driver/Src/stm32l4xx_hal_rcc.o
                0x00000000080045c0                HAL_RCC_GetSysClockFreq
 .text.HAL_RCC_GetHCLKFreq
                0x00000000080046d8       0x18 ./Drivers/STM32L4xx_HAL_Driver/Src/stm32l4xx_hal_rcc.o
                0x00000000080046d8                HAL_RCC_GetHCLKFreq
 .text.HAL_RCC_GetPCLK1Freq
                0x00000000080046f0       0x2c ./Drivers/STM32L4xx_HAL_Driver/Src/stm32l4xx_hal_rcc.o
                0x00000000080046f0                HAL_RCC_GetPCLK1Freq
 .text.HAL_RCC_GetPCLK2Freq
                0x000000000800471c       0x2c ./Drivers/STM32L4xx_HAL_Driver/Src/stm32l4xx_hal_rcc.o
                0x000000000800471c                HAL_RCC_GetPCLK2Freq
 .text.RCC_SetFlashLatencyFromMSIRange
                0x0000000008004748       0xc0 ./Drivers/STM32L4xx_HAL_Driver/Src/stm32l4xx_hal_rcc.o
 .text.HAL_RCCEx_PeriphCLKConfig
                0x0000000008004808      0x5d4 ./Drivers/STM32L4xx_HAL_Driver/Src/stm32l4xx_hal_rcc_ex.o
                0x0000000008004808                HAL_RCCEx_PeriphCLKConfig
 .text.RCCEx_PLLSAI1_Config
                0x0000000008004ddc      0x1e8 ./Drivers/STM32L4xx_HAL_Driver/Src/stm32l4xx_hal_rcc_ex.o
 .text.RCCEx_PLLSAI2_Config
                0x0000000008004fc4      0x1bc ./Drivers/STM32L4xx_HAL_Driver/Src/stm32l4xx_hal_rcc_ex.o
 .text.HAL_UART_Init
                0x0000000008005180       0x9c ./Drivers/STM32L4xx_HAL_Driver/Src/stm32l4xx_hal_uart.o
                0x0000000008005180                HAL_UART_Init
 .text.HAL_UART_Transmit
                0x000000000800521c      0x128 ./Drivers/STM32L4xx_HAL_Driver/Src/stm32l4xx_hal_uart.o
                0x000000000800521c                HAL_UART_Transmit
 .text.UART_SetConfig
                0x0000000008005344      0x514 ./Drivers/STM32L4xx_HAL_Driver/Src/stm32l4xx_hal_uart.o
                0x0000000008005344                UART_SetConfig
 .text.UART_AdvFeatureConfig
                0x0000000008005858      0x144 ./Drivers/STM32L4xx_HAL_Driver/Src/stm32l4xx_hal_uart.o
                0x0000000008005858                UART_AdvFeatureConfig
 .text.UART_CheckIdleState
                0x000000000800599c       0x92 ./Drivers/STM32L4xx_HAL_Driver/Src/stm32l4xx_hal_uart.o
                0x000000000800599c                UART_CheckIdleState
 .text.UART_WaitOnFlagUntilTimeout
                0x0000000008005a2e      0x188 ./Drivers/STM32L4xx_HAL_Driver/Src/stm32l4xx_hal_uart.o
                0x0000000008005a2e                UART_WaitOnFlagUntilTimeout
 *(.glue_7)
 .glue_7        0x0000000008005bb6        0x0 linker stubs
 *(.glue_7t)
 .glue_7t       0x0000000008005bb6        0x0 linker stubs
 *(.eh_frame)
 *fill*         0x0000000008005bb6        0x2 
 .eh_frame      0x0000000008005bb8        0x0 /usr/lib/gcc/arm-none-eabi/9.2.1/thumb/v7e-m+fp/hard/crtbegin.o
 *(.init)
 .init          0x0000000008005bb8        0x4 /usr/lib/gcc/arm-none-eabi/9.2.1/thumb/v7e-m+fp/hard/crti.o
                0x0000000008005bb8                _init
 .init          0x0000000008005bbc        0x8 /usr/lib/gcc/arm-none-eabi/9.2.1/thumb/v7e-m+fp/hard/crtn.o
 *(.fini)
 .fini          0x0000000008005bc4        0x4 /usr/lib/gcc/arm-none-eabi/9.2.1/thumb/v7e-m+fp/hard/crti.o
                0x0000000008005bc4                _fini
 .fini          0x0000000008005bc8        0x8 /usr/lib/gcc/arm-none-eabi/9.2.1/thumb/v7e-m+fp/hard/crtn.o
                0x0000000008005bd0                . = ALIGN (0x4)
                0x0000000008005bd0                _etext = .

.vfp11_veneer   0x0000000008005bd0        0x0
 .vfp11_veneer  0x0000000008005bd0        0x0 linker stubs

.v4_bx          0x0000000008005bd0        0x0
 .v4_bx         0x0000000008005bd0        0x0 linker stubs

.iplt           0x0000000008005bd0        0x0
 .iplt          0x0000000008005bd0        0x0 /usr/lib/gcc/arm-none-eabi/9.2.1/thumb/v7e-m+fp/hard/crtbegin.o

.rodata         0x0000000008005bd0      0x134
                0x0000000008005bd0                . = ALIGN (0x4)
 *(.rodata)
 .rodata        0x0000000008005bd0       0xae ./Core/Src/main.o
 *(.rodata*)
 *fill*         0x0000000008005c7e        0x2 
 .rodata.AHBPrescTable
                0x0000000008005c80       0x10 ./Core/Src/system_stm32l4xx.o
                0x0000000008005c80                AHBPrescTable
 .rodata.APBPrescTable
                0x0000000008005c90        0x8 ./Core/Src/system_stm32l4xx.o
                0x0000000008005c90                APBPrescTable
 .rodata.MSIRangeTable
                0x0000000008005c98       0x30 ./Core/Src/system_stm32l4xx.o
                0x0000000008005c98                MSIRangeTable
 .rodata.str1.4
                0x0000000008005cc8       0x13 /usr/lib/gcc/arm-none-eabi/9.2.1/../../../arm-none-eabi/lib/thumb/v7e-m+fp/hard/libc_nano.a(lib_a-nano-svfprintf.o)
 *fill*         0x0000000008005cdb        0x1 
 .rodata.str1.4
                0x0000000008005cdc       0x25 /usr/lib/gcc/arm-none-eabi/9.2.1/../../../arm-none-eabi/lib/thumb/v7e-m+fp/hard/libc_nano.a(lib_a-nano-vfprintf_i.o)
                0x0000000008005d04                . = ALIGN (0x4)
 *fill*         0x0000000008005d01        0x3 

.ARM.extab      0x0000000008005d04        0x0
                0x0000000008005d04                . = ALIGN (0x4)
 *(.ARM.extab* .gnu.linkonce.armextab.*)
                0x0000000008005d04                . = ALIGN (0x4)

.ARM            0x0000000008005d04        0x8
                0x0000000008005d04                . = ALIGN (0x4)
                0x0000000008005d04                __exidx_start = .
 *(.ARM.exidx*)
 .ARM.exidx     0x0000000008005d04        0x8 /usr/lib/gcc/arm-none-eabi/9.2.1/thumb/v7e-m+fp/hard/libgcc.a(_udivmoddi4.o)
                0x0000000008005d0c                __exidx_end = .
                0x0000000008005d0c                . = ALIGN (0x4)

.rel.dyn        0x0000000008005d0c        0x0
 .rel.iplt      0x0000000008005d0c        0x0 /usr/lib/gcc/arm-none-eabi/9.2.1/thumb/v7e-m+fp/hard/crtbegin.o

.preinit_array  0x0000000008005d0c        0x0
                0x0000000008005d0c                . = ALIGN (0x4)
                0x0000000008005d0c                PROVIDE (__preinit_array_start = .)
 *(.preinit_array*)
                0x0000000008005d0c                PROVIDE (__preinit_array_end = .)
                0x0000000008005d0c                . = ALIGN (0x4)

.init_array     0x0000000008005d0c        0x4
                0x0000000008005d0c                . = ALIGN (0x4)
                0x0000000008005d0c                PROVIDE (__init_array_start = .)
 *(SORT_BY_NAME(.init_array.*))
 *(.init_array*)
 .init_array    0x0000000008005d0c        0x4 /usr/lib/gcc/arm-none-eabi/9.2.1/thumb/v7e-m+fp/hard/crtbegin.o
                0x0000000008005d10                PROVIDE (__init_array_end = .)
                0x0000000008005d10                . = ALIGN (0x4)

.fini_array     0x0000000008005d10        0x4
                0x0000000008005d10                . = ALIGN (0x4)
                0x0000000008005d10                PROVIDE (__fini_array_start = .)
 *(SORT_BY_NAME(.fini_array.*))
 *(.fini_array*)
 .fini_array    0x0000000008005d10        0x4 /usr/lib/gcc/arm-none-eabi/9.2.1/thumb/v7e-m+fp/hard/crtbegin.o
                0x0000000008005d14                PROVIDE (__fini_array_end = .)
                0x0000000008005d14                . = ALIGN (0x4)
                0x0000000008005d14                _sidata = LOADADDR (.data)

.data           0x0000000020000000       0x70 load address 0x0000000008005d14
                0x0000000020000000                . = ALIGN (0x4)
                0x0000000020000000                _sdata = .
 *(.data)
 .data          0x0000000020000000       0x64 /usr/lib/gcc/arm-none-eabi/9.2.1/../../../arm-none-eabi/lib/thumb/v7e-m+fp/hard/libc_nano.a(lib_a-impure.o)
                0x0000000020000000                _impure_ptr
 *(.data*)
 .data.SystemCoreClock
                0x0000000020000064        0x4 ./Core/Src/system_stm32l4xx.o
                0x0000000020000064                SystemCoreClock
 .data.uwTickPrio
                0x0000000020000068        0x4 ./Drivers/STM32L4xx_HAL_Driver/Src/stm32l4xx_hal.o
                0x0000000020000068                uwTickPrio
 .data.uwTickFreq
                0x000000002000006c        0x1 ./Drivers/STM32L4xx_HAL_Driver/Src/stm32l4xx_hal.o
                0x000000002000006c                uwTickFreq
 *(.RamFunc)
 *(.RamFunc*)
                0x0000000020000070                . = ALIGN (0x4)
 *fill*         0x000000002000006d        0x3 
                0x0000000020000070                _edata = .

.tm_clone_table
                0x0000000020000070        0x0 load address 0x0000000008005d84
 .tm_clone_table
                0x0000000020000070        0x0 /usr/lib/gcc/arm-none-eabi/9.2.1/thumb/v7e-m+fp/hard/crtbegin.o
 .tm_clone_table
                0x0000000020000070        0x0 /usr/lib/gcc/arm-none-eabi/9.2.1/thumb/v7e-m+fp/hard/crtend.o

.igot.plt       0x0000000020000070        0x0 load address 0x0000000008005d84
 .igot.plt      0x0000000020000070        0x0 /usr/lib/gcc/arm-none-eabi/9.2.1/thumb/v7e-m+fp/hard/crtbegin.o
                0x0000000020000070                . = ALIGN (0x4)

.bss            0x0000000020000070      0x24c load address 0x0000000008005d84
                0x0000000020000070                _sbss = .
                0x0000000020000070                __bss_start__ = _sbss
 *(.bss)
 .bss           0x0000000020000070       0x1c /usr/lib/gcc/arm-none-eabi/9.2.1/thumb/v7e-m+fp/hard/crtbegin.o
 .bss           0x000000002000008c        0x8 /usr/lib/gcc/arm-none-eabi/9.2.1/../../../arm-none-eabi/lib/thumb/v7e-m+fp/hard/libc_nano.a(lib_a-nano-mallocr.o)
                0x000000002000008c                __malloc_free_list
                0x0000000020000090                __malloc_sbrk_start
 *(.bss*)
 .bss.__sbrk_heap_end
                0x0000000020000094        0x4 ./Core/Src/sysmem.o
 *(COMMON)
 COMMON         0x0000000020000098       0x54 ./Core/Src/i2c.o
                0x0000000020000098                hi2c1
 COMMON         0x00000000200000ec      0x144 ./Core/Src/main.o
                0x00000000200000ec                temperature
                0x00000000200000f0                pressure
                0x00000000200000f4                humidity
                0x00000000200000f8                Data
                0x00000000200001f8                size
                0x00000000200001fc                bmp280
 COMMON         0x0000000020000230       0x84 ./Core/Src/usart.o
                0x0000000020000230                huart2
 COMMON         0x00000000200002b4        0x4 ./Drivers/STM32L4xx_HAL_Driver/Src/stm32l4xx_hal.o
                0x00000000200002b4                uwTick
 COMMON         0x00000000200002b8        0x4 /usr/lib/gcc/arm-none-eabi/9.2.1/../../../arm-none-eabi/lib/thumb/v7e-m+fp/hard/libc_nano.a(lib_a-reent.o)
                0x00000000200002b8                errno
                0x00000000200002bc                . = ALIGN (0x4)
                0x00000000200002bc                _ebss = .
                0x00000000200002bc                __bss_end__ = _ebss

._user_heap_stack
                0x00000000200002bc      0x604 load address 0x0000000008005d84
                0x00000000200002c0                . = ALIGN (0x8)
 *fill*         0x00000000200002bc        0x4 
                [!provide]                        PROVIDE (end = .)
                0x00000000200002c0                PROVIDE (_end = .)
                0x00000000200004c0                . = (. + _Min_Heap_Size)
 *fill*         0x00000000200002c0      0x200 
                0x00000000200008c0                . = (. + _Min_Stack_Size)
 *fill*         0x00000000200004c0      0x400 
                0x00000000200008c0                . = ALIGN (0x8)

/DISCARD/
 libc.a(*)
 libm.a(*)
 libgcc.a(*)

.ARM.attributes
                0x0000000000000000       0x30
 *(.ARM.attributes)
 .ARM.attributes
                0x0000000000000000       0x1e /usr/lib/gcc/arm-none-eabi/9.2.1/thumb/v7e-m+fp/hard/crti.o
 .ARM.attributes
                0x000000000000001e       0x34 /usr/lib/gcc/arm-none-eabi/9.2.1/thumb/v7e-m+fp/hard/crtbegin.o
 .ARM.attributes
                0x0000000000000052       0x34 ./Core/Src/BMP280/bmp280.o
 .ARM.attributes
                0x0000000000000086       0x34 ./Core/Src/gpio.o
 .ARM.attributes
                0x00000000000000ba       0x34 ./Core/Src/i2c.o
 .ARM.attributes
                0x00000000000000ee       0x34 ./Core/Src/main.o
 .ARM.attributes
                0x0000000000000122       0x34 ./Core/Src/stm32l4xx_hal_msp.o
 .ARM.attributes
                0x0000000000000156       0x34 ./Core/Src/stm32l4xx_it.o
 .ARM.attributes
                0x000000000000018a       0x34 ./Core/Src/sysmem.o
 .ARM.attributes
                0x00000000000001be       0x34 ./Core/Src/system_stm32l4xx.o
 .ARM.attributes
                0x00000000000001f2       0x34 ./Core/Src/usart.o
 .ARM.attributes
                0x0000000000000226       0x21 ./Core/Startup/startup_stm32l476rgtx.o
 .ARM.attributes
                0x0000000000000247       0x34 ./Drivers/STM32L4xx_HAL_Driver/Src/stm32l4xx_hal.o
 .ARM.attributes
                0x000000000000027b       0x34 ./Drivers/STM32L4xx_HAL_Driver/Src/stm32l4xx_hal_cortex.o
 .ARM.attributes
                0x00000000000002af       0x34 ./Drivers/STM32L4xx_HAL_Driver/Src/stm32l4xx_hal_gpio.o
 .ARM.attributes
                0x00000000000002e3       0x34 ./Drivers/STM32L4xx_HAL_Driver/Src/stm32l4xx_hal_i2c.o
 .ARM.attributes
                0x0000000000000317       0x34 ./Drivers/STM32L4xx_HAL_Driver/Src/stm32l4xx_hal_i2c_ex.o
 .ARM.attributes
                0x000000000000034b       0x34 ./Drivers/STM32L4xx_HAL_Driver/Src/stm32l4xx_hal_pwr_ex.o
 .ARM.attributes
                0x000000000000037f       0x34 ./Drivers/STM32L4xx_HAL_Driver/Src/stm32l4xx_hal_rcc.o
 .ARM.attributes
                0x00000000000003b3       0x34 ./Drivers/STM32L4xx_HAL_Driver/Src/stm32l4xx_hal_rcc_ex.o
 .ARM.attributes
                0x00000000000003e7       0x34 ./Drivers/STM32L4xx_HAL_Driver/Src/stm32l4xx_hal_uart.o
 .ARM.attributes
                0x000000000000041b       0x34 /usr/lib/gcc/arm-none-eabi/9.2.1/../../../arm-none-eabi/lib/thumb/v7e-m+fp/hard/libc_nano.a(lib_a-errno.o)
 .ARM.attributes
                0x000000000000044f       0x32 /usr/lib/gcc/arm-none-eabi/9.2.1/../../../arm-none-eabi/lib/thumb/v7e-m+fp/hard/libc_nano.a(lib_a-impure.o)
 .ARM.attributes
                0x0000000000000481       0x34 /usr/lib/gcc/arm-none-eabi/9.2.1/../../../arm-none-eabi/lib/thumb/v7e-m+fp/hard/libc_nano.a(lib_a-init.o)
 .ARM.attributes
                0x00000000000004b5       0x34 /usr/lib/gcc/arm-none-eabi/9.2.1/../../../arm-none-eabi/lib/thumb/v7e-m+fp/hard/libc_nano.a(lib_a-memset.o)
 .ARM.attributes
                0x00000000000004e9       0x34 /usr/lib/gcc/arm-none-eabi/9.2.1/../../../arm-none-eabi/lib/thumb/v7e-m+fp/hard/libc_nano.a(lib_a-sprintf.o)
 .ARM.attributes
                0x000000000000051d       0x34 /usr/lib/gcc/arm-none-eabi/9.2.1/../../../arm-none-eabi/lib/thumb/v7e-m+fp/hard/libc_nano.a(lib_a-nano-svfprintf.o)
 .ARM.attributes
                0x0000000000000551       0x34 /usr/lib/gcc/arm-none-eabi/9.2.1/../../../arm-none-eabi/lib/thumb/v7e-m+fp/hard/libc_nano.a(lib_a-nano-vfprintf_i.o)
 .ARM.attributes
                0x0000000000000585       0x1c /usr/lib/gcc/arm-none-eabi/9.2.1/../../../arm-none-eabi/lib/thumb/v7e-m+fp/hard/libc_nano.a(lib_a-memchr.o)
 .ARM.attributes
                0x00000000000005a1       0x1c /usr/lib/gcc/arm-none-eabi/9.2.1/../../../arm-none-eabi/lib/thumb/v7e-m+fp/hard/libc_nano.a(lib_a-memcpy.o)
 .ARM.attributes
                0x00000000000005bd       0x34 /usr/lib/gcc/arm-none-eabi/9.2.1/../../../arm-none-eabi/lib/thumb/v7e-m+fp/hard/libc_nano.a(lib_a-memmove.o)
 .ARM.attributes
                0x00000000000005f1       0x34 /usr/lib/gcc/arm-none-eabi/9.2.1/../../../arm-none-eabi/lib/thumb/v7e-m+fp/hard/libc_nano.a(lib_a-nano-freer.o)
 .ARM.attributes
                0x0000000000000625       0x34 /usr/lib/gcc/arm-none-eabi/9.2.1/../../../arm-none-eabi/lib/thumb/v7e-m+fp/hard/libc_nano.a(lib_a-nano-mallocr.o)
 .ARM.attributes
                0x0000000000000659       0x34 /usr/lib/gcc/arm-none-eabi/9.2.1/../../../arm-none-eabi/lib/thumb/v7e-m+fp/hard/libc_nano.a(lib_a-nano-reallocr.o)
 .ARM.attributes
                0x000000000000068d       0x34 /usr/lib/gcc/arm-none-eabi/9.2.1/../../../arm-none-eabi/lib/thumb/v7e-m+fp/hard/libc_nano.a(lib_a-sbrkr.o)
 .ARM.attributes
                0x00000000000006c1       0x34 /usr/lib/gcc/arm-none-eabi/9.2.1/../../../arm-none-eabi/lib/thumb/v7e-m+fp/hard/libc_nano.a(lib_a-mlock.o)
 .ARM.attributes
                0x00000000000006f5       0x34 /usr/lib/gcc/arm-none-eabi/9.2.1/../../../arm-none-eabi/lib/thumb/v7e-m+fp/hard/libc_nano.a(lib_a-nano-msizer.o)
 .ARM.attributes
                0x0000000000000729       0x34 /usr/lib/gcc/arm-none-eabi/9.2.1/../../../arm-none-eabi/lib/thumb/v7e-m+fp/hard/libc_nano.a(lib_a-reent.o)
 .ARM.attributes
                0x000000000000075d       0x1e /usr/lib/gcc/arm-none-eabi/9.2.1/thumb/v7e-m+fp/hard/libgcc.a(_arm_addsubdf3.o)
 .ARM.attributes
                0x000000000000077b       0x1e /usr/lib/gcc/arm-none-eabi/9.2.1/thumb/v7e-m+fp/hard/libgcc.a(_aeabi_ldivmod.o)
 .ARM.attributes
                0x0000000000000799       0x1e /usr/lib/gcc/arm-none-eabi/9.2.1/thumb/v7e-m+fp/hard/libgcc.a(_aeabi_uldivmod.o)
 .ARM.attributes
                0x00000000000007b7       0x34 /usr/lib/gcc/arm-none-eabi/9.2.1/thumb/v7e-m+fp/hard/libgcc.a(_udivmoddi4.o)
 .ARM.attributes
                0x00000000000007eb       0x1e /usr/lib/gcc/arm-none-eabi/9.2.1/thumb/v7e-m+fp/hard/libgcc.a(_dvmd_tls.o)
 .ARM.attributes
                0x0000000000000809       0x32 /usr/lib/gcc/arm-none-eabi/9.2.1/thumb/v7e-m+fp/hard/crtend.o
 .ARM.attributes
                0x000000000000083b       0x1e /usr/lib/gcc/arm-none-eabi/9.2.1/thumb/v7e-m+fp/hard/crtn.o
OUTPUT(ST32bmp280.elf elf32-littlearm)
LOAD linker stubs
LOAD /usr/lib/gcc/arm-none-eabi/9.2.1/../../../arm-none-eabi/lib/thumb/v7e-m+fp/hard/libc.a
LOAD /usr/lib/gcc/arm-none-eabi/9.2.1/../../../arm-none-eabi/lib/thumb/v7e-m+fp/hard/libm.a
LOAD /usr/lib/gcc/arm-none-eabi/9.2.1/thumb/v7e-m+fp/hard/libgcc.a

.comment        0x0000000000000000       0xa7
 .comment       0x0000000000000000       0x59 /usr/lib/gcc/arm-none-eabi/9.2.1/thumb/v7e-m+fp/hard/crtbegin.o
                                         0x5a (size before relaxing)
 .comment       0x0000000000000059       0x5a ./Core/Src/BMP280/bmp280.o
 .comment       0x0000000000000059       0x5a ./Core/Src/gpio.o
 .comment       0x0000000000000059       0x5a ./Core/Src/i2c.o
 .comment       0x0000000000000059       0x5a ./Core/Src/main.o
 .comment       0x0000000000000059       0x5a ./Core/Src/stm32l4xx_hal_msp.o
 .comment       0x0000000000000059       0x5a ./Core/Src/stm32l4xx_it.o
 .comment       0x0000000000000059       0x5a ./Core/Src/sysmem.o
 .comment       0x0000000000000059       0x5a ./Core/Src/system_stm32l4xx.o
 .comment       0x0000000000000059       0x5a ./Core/Src/usart.o
 .comment       0x0000000000000059       0x5a ./Drivers/STM32L4xx_HAL_Driver/Src/stm32l4xx_hal.o
 .comment       0x0000000000000059       0x5a ./Drivers/STM32L4xx_HAL_Driver/Src/stm32l4xx_hal_cortex.o
 .comment       0x0000000000000059       0x5a ./Drivers/STM32L4xx_HAL_Driver/Src/stm32l4xx_hal_gpio.o
 .comment       0x0000000000000059       0x5a ./Drivers/STM32L4xx_HAL_Driver/Src/stm32l4xx_hal_i2c.o
 .comment       0x0000000000000059       0x5a ./Drivers/STM32L4xx_HAL_Driver/Src/stm32l4xx_hal_i2c_ex.o
 .comment       0x0000000000000059       0x5a ./Drivers/STM32L4xx_HAL_Driver/Src/stm32l4xx_hal_pwr_ex.o
 .comment       0x0000000000000059       0x5a ./Drivers/STM32L4xx_HAL_Driver/Src/stm32l4xx_hal_rcc.o
 .comment       0x0000000000000059       0x5a ./Drivers/STM32L4xx_HAL_Driver/Src/stm32l4xx_hal_rcc_ex.o
 .comment       0x0000000000000059       0x5a ./Drivers/STM32L4xx_HAL_Driver/Src/stm32l4xx_hal_uart.o
 .comment       0x0000000000000059       0x4e /usr/lib/gcc/arm-none-eabi/9.2.1/../../../arm-none-eabi/lib/thumb/v7e-m+fp/hard/libc_nano.a(lib_a-errno.o)
                                         0x4f (size before relaxing)
 .comment       0x00000000000000a7       0x4f /usr/lib/gcc/arm-none-eabi/9.2.1/../../../arm-none-eabi/lib/thumb/v7e-m+fp/hard/libc_nano.a(lib_a-impure.o)
 .comment       0x00000000000000a7       0x4f /usr/lib/gcc/arm-none-eabi/9.2.1/../../../arm-none-eabi/lib/thumb/v7e-m+fp/hard/libc_nano.a(lib_a-init.o)
 .comment       0x00000000000000a7       0x4f /usr/lib/gcc/arm-none-eabi/9.2.1/../../../arm-none-eabi/lib/thumb/v7e-m+fp/hard/libc_nano.a(lib_a-memset.o)
 .comment       0x00000000000000a7       0x4f /usr/lib/gcc/arm-none-eabi/9.2.1/../../../arm-none-eabi/lib/thumb/v7e-m+fp/hard/libc_nano.a(lib_a-sprintf.o)
 .comment       0x00000000000000a7       0x4f /usr/lib/gcc/arm-none-eabi/9.2.1/../../../arm-none-eabi/lib/thumb/v7e-m+fp/hard/libc_nano.a(lib_a-nano-svfprintf.o)
 .comment       0x00000000000000a7       0x4f /usr/lib/gcc/arm-none-eabi/9.2.1/../../../arm-none-eabi/lib/thumb/v7e-m+fp/hard/libc_nano.a(lib_a-nano-vfprintf_i.o)
 .comment       0x00000000000000a7       0x4f /usr/lib/gcc/arm-none-eabi/9.2.1/../../../arm-none-eabi/lib/thumb/v7e-m+fp/hard/libc_nano.a(lib_a-memmove.o)
 .comment       0x00000000000000a7       0x4f /usr/lib/gcc/arm-none-eabi/9.2.1/../../../arm-none-eabi/lib/thumb/v7e-m+fp/hard/libc_nano.a(lib_a-nano-freer.o)
 .comment       0x00000000000000a7       0x4f /usr/lib/gcc/arm-none-eabi/9.2.1/../../../arm-none-eabi/lib/thumb/v7e-m+fp/hard/libc_nano.a(lib_a-nano-mallocr.o)
 .comment       0x00000000000000a7       0x4f /usr/lib/gcc/arm-none-eabi/9.2.1/../../../arm-none-eabi/lib/thumb/v7e-m+fp/hard/libc_nano.a(lib_a-nano-reallocr.o)
 .comment       0x00000000000000a7       0x4f /usr/lib/gcc/arm-none-eabi/9.2.1/../../../arm-none-eabi/lib/thumb/v7e-m+fp/hard/libc_nano.a(lib_a-sbrkr.o)
 .comment       0x00000000000000a7       0x4f /usr/lib/gcc/arm-none-eabi/9.2.1/../../../arm-none-eabi/lib/thumb/v7e-m+fp/hard/libc_nano.a(lib_a-mlock.o)
 .comment       0x00000000000000a7       0x4f /usr/lib/gcc/arm-none-eabi/9.2.1/../../../arm-none-eabi/lib/thumb/v7e-m+fp/hard/libc_nano.a(lib_a-nano-msizer.o)
 .comment       0x00000000000000a7       0x4f /usr/lib/gcc/arm-none-eabi/9.2.1/../../../arm-none-eabi/lib/thumb/v7e-m+fp/hard/libc_nano.a(lib_a-reent.o)
 .comment       0x00000000000000a7       0x5a /usr/lib/gcc/arm-none-eabi/9.2.1/thumb/v7e-m+fp/hard/libgcc.a(_udivmoddi4.o)
 .comment       0x00000000000000a7       0x5a /usr/lib/gcc/arm-none-eabi/9.2.1/thumb/v7e-m+fp/hard/crtend.o

.debug_info     0x0000000000000000    0x1ed7b
 .debug_info    0x0000000000000000     0x1049 ./Core/Src/BMP280/bmp280.o
 .debug_info    0x0000000000001049      0x6af ./Core/Src/gpio.o
 .debug_info    0x00000000000016f8      0xe35 ./Core/Src/i2c.o
 .debug_info    0x000000000000252d     0x1979 ./Core/Src/main.o
 .debug_info    0x0000000000003ea6      0x521 ./Core/Src/stm32l4xx_hal_msp.o
 .debug_info    0x00000000000043c7      0x34f ./Core/Src/stm32l4xx_it.o
 .debug_info    0x0000000000004716      0xa02 ./Core/Src/sysmem.o
 .debug_info    0x0000000000005118      0x74e ./Core/Src/system_stm32l4xx.o
 .debug_info    0x0000000000005866      0xe96 ./Core/Src/usart.o
 .debug_info    0x00000000000066fc       0x22 ./Core/Startup/startup_stm32l476rgtx.o
 .debug_info    0x000000000000671e      0xdb7 ./Drivers/STM32L4xx_HAL_Driver/Src/stm32l4xx_hal.o
 .debug_info    0x00000000000074d5     0x100a ./Drivers/STM32L4xx_HAL_Driver/Src/stm32l4xx_hal_cortex.o
 .debug_info    0x00000000000084df      0xa2e ./Drivers/STM32L4xx_HAL_Driver/Src/stm32l4xx_hal_gpio.o
 .debug_info    0x0000000000008f0d     0x239f ./Drivers/STM32L4xx_HAL_Driver/Src/stm32l4xx_hal_i2c.o
 .debug_info    0x000000000000b2ac      0xc13 ./Drivers/STM32L4xx_HAL_Driver/Src/stm32l4xx_hal_i2c_ex.o
 .debug_info    0x000000000000bebf      0xbdc ./Drivers/STM32L4xx_HAL_Driver/Src/stm32l4xx_hal_pwr_ex.o
 .debug_info    0x000000000000ca9b      0xe07 ./Drivers/STM32L4xx_HAL_Driver/Src/stm32l4xx_hal_rcc.o
 .debug_info    0x000000000000d8a2     0x100f ./Drivers/STM32L4xx_HAL_Driver/Src/stm32l4xx_hal_rcc_ex.o
 .debug_info    0x000000000000e8b1     0x3e1a ./Drivers/STM32L4xx_HAL_Driver/Src/stm32l4xx_hal_uart.o
 .debug_info    0x00000000000126cb      0x953 /usr/lib/gcc/arm-none-eabi/9.2.1/../../../arm-none-eabi/lib/thumb/v7e-m+fp/hard/libc_nano.a(lib_a-errno.o)
 .debug_info    0x000000000001301e      0x92a /usr/lib/gcc/arm-none-eabi/9.2.1/../../../arm-none-eabi/lib/thumb/v7e-m+fp/hard/libc_nano.a(lib_a-impure.o)
 .debug_info    0x0000000000013948      0x11a /usr/lib/gcc/arm-none-eabi/9.2.1/../../../arm-none-eabi/lib/thumb/v7e-m+fp/hard/libc_nano.a(lib_a-init.o)
 .debug_info    0x0000000000013a62      0xf21 /usr/lib/gcc/arm-none-eabi/9.2.1/../../../arm-none-eabi/lib/thumb/v7e-m+fp/hard/libc_nano.a(lib_a-memset.o)
 .debug_info    0x0000000000014983      0xc90 /usr/lib/gcc/arm-none-eabi/9.2.1/../../../arm-none-eabi/lib/thumb/v7e-m+fp/hard/libc_nano.a(lib_a-sprintf.o)
 .debug_info    0x0000000000015613     0x17e4 /usr/lib/gcc/arm-none-eabi/9.2.1/../../../arm-none-eabi/lib/thumb/v7e-m+fp/hard/libc_nano.a(lib_a-nano-svfprintf.o)
 .debug_info    0x0000000000016df7     0x1592 /usr/lib/gcc/arm-none-eabi/9.2.1/../../../arm-none-eabi/lib/thumb/v7e-m+fp/hard/libc_nano.a(lib_a-nano-vfprintf_i.o)
 .debug_info    0x0000000000018389       0x26 /usr/lib/gcc/arm-none-eabi/9.2.1/../../../arm-none-eabi/lib/thumb/v7e-m+fp/hard/libc_nano.a(lib_a-memchr.o)
 .debug_info    0x00000000000183af       0x26 /usr/lib/gcc/arm-none-eabi/9.2.1/../../../arm-none-eabi/lib/thumb/v7e-m+fp/hard/libc_nano.a(lib_a-memcpy.o)
 .debug_info    0x00000000000183d5      0xf2b /usr/lib/gcc/arm-none-eabi/9.2.1/../../../arm-none-eabi/lib/thumb/v7e-m+fp/hard/libc_nano.a(lib_a-memmove.o)
 .debug_info    0x0000000000019300      0xb85 /usr/lib/gcc/arm-none-eabi/9.2.1/../../../arm-none-eabi/lib/thumb/v7e-m+fp/hard/libc_nano.a(lib_a-nano-freer.o)
 .debug_info    0x0000000000019e85      0xc5a /usr/lib/gcc/arm-none-eabi/9.2.1/../../../arm-none-eabi/lib/thumb/v7e-m+fp/hard/libc_nano.a(lib_a-nano-mallocr.o)
 .debug_info    0x000000000001aadf      0xb77 /usr/lib/gcc/arm-none-eabi/9.2.1/../../../arm-none-eabi/lib/thumb/v7e-m+fp/hard/libc_nano.a(lib_a-nano-reallocr.o)
 .debug_info    0x000000000001b656      0x9fb /usr/lib/gcc/arm-none-eabi/9.2.1/../../../arm-none-eabi/lib/thumb/v7e-m+fp/hard/libc_nano.a(lib_a-sbrkr.o)
 .debug_info    0x000000000001c051      0x961 /usr/lib/gcc/arm-none-eabi/9.2.1/../../../arm-none-eabi/lib/thumb/v7e-m+fp/hard/libc_nano.a(lib_a-mlock.o)
 .debug_info    0x000000000001c9b2      0xaa6 /usr/lib/gcc/arm-none-eabi/9.2.1/../../../arm-none-eabi/lib/thumb/v7e-m+fp/hard/libc_nano.a(lib_a-nano-msizer.o)
 .debug_info    0x000000000001d458      0xb0f /usr/lib/gcc/arm-none-eabi/9.2.1/../../../arm-none-eabi/lib/thumb/v7e-m+fp/hard/libc_nano.a(lib_a-reent.o)
 .debug_info    0x000000000001df67       0x26 /usr/lib/gcc/arm-none-eabi/9.2.1/thumb/v7e-m+fp/hard/libgcc.a(_arm_addsubdf3.o)
 .debug_info    0x000000000001df8d       0x26 /usr/lib/gcc/arm-none-eabi/9.2.1/thumb/v7e-m+fp/hard/libgcc.a(_aeabi_ldivmod.o)
 .debug_info    0x000000000001dfb3       0x26 /usr/lib/gcc/arm-none-eabi/9.2.1/thumb/v7e-m+fp/hard/libgcc.a(_aeabi_uldivmod.o)
 .debug_info    0x000000000001dfd9      0xd7c /usr/lib/gcc/arm-none-eabi/9.2.1/thumb/v7e-m+fp/hard/libgcc.a(_udivmoddi4.o)
 .debug_info    0x000000000001ed55       0x26 /usr/lib/gcc/arm-none-eabi/9.2.1/thumb/v7e-m+fp/hard/libgcc.a(_dvmd_tls.o)

.debug_abbrev   0x0000000000000000     0x4600
 .debug_abbrev  0x0000000000000000      0x280 ./Core/Src/BMP280/bmp280.o
 .debug_abbrev  0x0000000000000280      0x14e ./Core/Src/gpio.o
 .debug_abbrev  0x00000000000003ce      0x1c6 ./Core/Src/i2c.o
 .debug_abbrev  0x0000000000000594      0x248 ./Core/Src/main.o
 .debug_abbrev  0x00000000000007dc      0x13d ./Core/Src/stm32l4xx_hal_msp.o
 .debug_abbrev  0x0000000000000919       0xf2 ./Core/Src/stm32l4xx_it.o
 .debug_abbrev  0x0000000000000a0b      0x1bf ./Core/Src/sysmem.o
 .debug_abbrev  0x0000000000000bca      0x165 ./Core/Src/system_stm32l4xx.o
 .debug_abbrev  0x0000000000000d2f      0x1bb ./Core/Src/usart.o
 .debug_abbrev  0x0000000000000eea       0x12 ./Core/Startup/startup_stm32l476rgtx.o
 .debug_abbrev  0x0000000000000efc      0x227 ./Drivers/STM32L4xx_HAL_Driver/Src/stm32l4xx_hal.o
 .debug_abbrev  0x0000000000001123      0x33c ./Drivers/STM32L4xx_HAL_Driver/Src/stm32l4xx_hal_cortex.o
 .debug_abbrev  0x000000000000145f      0x1e8 ./Drivers/STM32L4xx_HAL_Driver/Src/stm32l4xx_hal_gpio.o
 .debug_abbrev  0x0000000000001647      0x256 ./Drivers/STM32L4xx_HAL_Driver/Src/stm32l4xx_hal_i2c.o
 .debug_abbrev  0x000000000000189d      0x1dd ./Drivers/STM32L4xx_HAL_Driver/Src/stm32l4xx_hal_i2c_ex.o
 .debug_abbrev  0x0000000000001a7a      0x1f3 ./Drivers/STM32L4xx_HAL_Driver/Src/stm32l4xx_hal_pwr_ex.o
 .debug_abbrev  0x0000000000001c6d      0x275 ./Drivers/STM32L4xx_HAL_Driver/Src/stm32l4xx_hal_rcc.o
 .debug_abbrev  0x0000000000001ee2      0x268 ./Drivers/STM32L4xx_HAL_Driver/Src/stm32l4xx_hal_rcc_ex.o
 .debug_abbrev  0x000000000000214a      0x2b3 ./Drivers/STM32L4xx_HAL_Driver/Src/stm32l4xx_hal_uart.o
 .debug_abbrev  0x00000000000023fd      0x198 /usr/lib/gcc/arm-none-eabi/9.2.1/../../../arm-none-eabi/lib/thumb/v7e-m+fp/hard/libc_nano.a(lib_a-errno.o)
 .debug_abbrev  0x0000000000002595      0x17a /usr/lib/gcc/arm-none-eabi/9.2.1/../../../arm-none-eabi/lib/thumb/v7e-m+fp/hard/libc_nano.a(lib_a-impure.o)
 .debug_abbrev  0x000000000000270f       0xcc /usr/lib/gcc/arm-none-eabi/9.2.1/../../../arm-none-eabi/lib/thumb/v7e-m+fp/hard/libc_nano.a(lib_a-init.o)
 .debug_abbrev  0x00000000000027db      0x1d9 /usr/lib/gcc/arm-none-eabi/9.2.1/../../../arm-none-eabi/lib/thumb/v7e-m+fp/hard/libc_nano.a(lib_a-memset.o)
 .debug_abbrev  0x00000000000029b4      0x274 /usr/lib/gcc/arm-none-eabi/9.2.1/../../../arm-none-eabi/lib/thumb/v7e-m+fp/hard/libc_nano.a(lib_a-sprintf.o)
 .debug_abbrev  0x0000000000002c28      0x33f /usr/lib/gcc/arm-none-eabi/9.2.1/../../../arm-none-eabi/lib/thumb/v7e-m+fp/hard/libc_nano.a(lib_a-nano-svfprintf.o)
 .debug_abbrev  0x0000000000002f67      0x2dc /usr/lib/gcc/arm-none-eabi/9.2.1/../../../arm-none-eabi/lib/thumb/v7e-m+fp/hard/libc_nano.a(lib_a-nano-vfprintf_i.o)
 .debug_abbrev  0x0000000000003243       0x14 /usr/lib/gcc/arm-none-eabi/9.2.1/../../../arm-none-eabi/lib/thumb/v7e-m+fp/hard/libc_nano.a(lib_a-memchr.o)
 .debug_abbrev  0x0000000000003257       0x14 /usr/lib/gcc/arm-none-eabi/9.2.1/../../../arm-none-eabi/lib/thumb/v7e-m+fp/hard/libc_nano.a(lib_a-memcpy.o)
 .debug_abbrev  0x000000000000326b      0x1de /usr/lib/gcc/arm-none-eabi/9.2.1/../../../arm-none-eabi/lib/thumb/v7e-m+fp/hard/libc_nano.a(lib_a-memmove.o)
 .debug_abbrev  0x0000000000003449      0x286 /usr/lib/gcc/arm-none-eabi/9.2.1/../../../arm-none-eabi/lib/thumb/v7e-m+fp/hard/libc_nano.a(lib_a-nano-freer.o)
 .debug_abbrev  0x00000000000036cf      0x2d1 /usr/lib/gcc/arm-none-eabi/9.2.1/../../../arm-none-eabi/lib/thumb/v7e-m+fp/hard/libc_nano.a(lib_a-nano-mallocr.o)
 .debug_abbrev  0x00000000000039a0      0x22a /usr/lib/gcc/arm-none-eabi/9.2.1/../../../arm-none-eabi/lib/thumb/v7e-m+fp/hard/libc_nano.a(lib_a-nano-reallocr.o)
 .debug_abbrev  0x0000000000003bca      0x212 /usr/lib/gcc/arm-none-eabi/9.2.1/../../../arm-none-eabi/lib/thumb/v7e-m+fp/hard/libc_nano.a(lib_a-sbrkr.o)
 .debug_abbrev  0x0000000000003ddc      0x1c5 /usr/lib/gcc/arm-none-eabi/9.2.1/../../../arm-none-eabi/lib/thumb/v7e-m+fp/hard/libc_nano.a(lib_a-mlock.o)
 .debug_abbrev  0x0000000000003fa1      0x1e5 /usr/lib/gcc/arm-none-eabi/9.2.1/../../../arm-none-eabi/lib/thumb/v7e-m+fp/hard/libc_nano.a(lib_a-nano-msizer.o)
 .debug_abbrev  0x0000000000004186      0x268 /usr/lib/gcc/arm-none-eabi/9.2.1/../../../arm-none-eabi/lib/thumb/v7e-m+fp/hard/libc_nano.a(lib_a-reent.o)
 .debug_abbrev  0x00000000000043ee       0x14 /usr/lib/gcc/arm-none-eabi/9.2.1/thumb/v7e-m+fp/hard/libgcc.a(_arm_addsubdf3.o)
 .debug_abbrev  0x0000000000004402       0x14 /usr/lib/gcc/arm-none-eabi/9.2.1/thumb/v7e-m+fp/hard/libgcc.a(_aeabi_ldivmod.o)
 .debug_abbrev  0x0000000000004416       0x14 /usr/lib/gcc/arm-none-eabi/9.2.1/thumb/v7e-m+fp/hard/libgcc.a(_aeabi_uldivmod.o)
 .debug_abbrev  0x000000000000442a      0x1c2 /usr/lib/gcc/arm-none-eabi/9.2.1/thumb/v7e-m+fp/hard/libgcc.a(_udivmoddi4.o)
 .debug_abbrev  0x00000000000045ec       0x14 /usr/lib/gcc/arm-none-eabi/9.2.1/thumb/v7e-m+fp/hard/libgcc.a(_dvmd_tls.o)

.debug_aranges  0x0000000000000000      0xf40
 .debug_aranges
                0x0000000000000000       0x88 ./Core/Src/BMP280/bmp280.o
 .debug_aranges
                0x0000000000000088       0x20 ./Core/Src/gpio.o
 .debug_aranges
                0x00000000000000a8       0x30 ./Core/Src/i2c.o
 .debug_aranges
                0x00000000000000d8       0x30 ./Core/Src/main.o
 .debug_aranges
                0x0000000000000108       0x20 ./Core/Src/stm32l4xx_hal_msp.o
 .debug_aranges
                0x0000000000000128       0x60 ./Core/Src/stm32l4xx_it.o
 .debug_aranges
                0x0000000000000188       0x20 ./Core/Src/sysmem.o
 .debug_aranges
                0x00000000000001a8       0x28 ./Core/Src/system_stm32l4xx.o
 .debug_aranges
                0x00000000000001d0       0x30 ./Core/Src/usart.o
 .debug_aranges
                0x0000000000000200       0x28 ./Core/Startup/startup_stm32l476rgtx.o
 .debug_aranges
                0x0000000000000228      0x130 ./Drivers/STM32L4xx_HAL_Driver/Src/stm32l4xx_hal.o
 .debug_aranges
                0x0000000000000358      0x118 ./Drivers/STM32L4xx_HAL_Driver/Src/stm32l4xx_hal_cortex.o
 .debug_aranges
                0x0000000000000470       0x58 ./Drivers/STM32L4xx_HAL_Driver/Src/stm32l4xx_hal_gpio.o
 .debug_aranges
                0x00000000000004c8      0x2a0 ./Drivers/STM32L4xx_HAL_Driver/Src/stm32l4xx_hal_i2c.o
 .debug_aranges
                0x0000000000000768       0x48 ./Drivers/STM32L4xx_HAL_Driver/Src/stm32l4xx_hal_i2c_ex.o
 .debug_aranges
                0x00000000000007b0      0x160 ./Drivers/STM32L4xx_HAL_Driver/Src/stm32l4xx_hal_pwr_ex.o
 .debug_aranges
                0x0000000000000910       0x90 ./Drivers/STM32L4xx_HAL_Driver/Src/stm32l4xx_hal_rcc.o
 .debug_aranges
                0x00000000000009a0       0xc0 ./Drivers/STM32L4xx_HAL_Driver/Src/stm32l4xx_hal_rcc_ex.o
 .debug_aranges
                0x0000000000000a60      0x228 ./Drivers/STM32L4xx_HAL_Driver/Src/stm32l4xx_hal_uart.o
 .debug_aranges
                0x0000000000000c88       0x20 /usr/lib/gcc/arm-none-eabi/9.2.1/../../../arm-none-eabi/lib/thumb/v7e-m+fp/hard/libc_nano.a(lib_a-errno.o)
 .debug_aranges
                0x0000000000000ca8       0x18 /usr/lib/gcc/arm-none-eabi/9.2.1/../../../arm-none-eabi/lib/thumb/v7e-m+fp/hard/libc_nano.a(lib_a-impure.o)
 .debug_aranges
                0x0000000000000cc0       0x20 /usr/lib/gcc/arm-none-eabi/9.2.1/../../../arm-none-eabi/lib/thumb/v7e-m+fp/hard/libc_nano.a(lib_a-init.o)
 .debug_aranges
                0x0000000000000ce0       0x20 /usr/lib/gcc/arm-none-eabi/9.2.1/../../../arm-none-eabi/lib/thumb/v7e-m+fp/hard/libc_nano.a(lib_a-memset.o)
 .debug_aranges
                0x0000000000000d00       0x20 /usr/lib/gcc/arm-none-eabi/9.2.1/../../../arm-none-eabi/lib/thumb/v7e-m+fp/hard/libc_nano.a(lib_a-sprintf.o)
 .debug_aranges
                0x0000000000000d20       0x20 /usr/lib/gcc/arm-none-eabi/9.2.1/../../../arm-none-eabi/lib/thumb/v7e-m+fp/hard/libc_nano.a(lib_a-nano-svfprintf.o)
 .debug_aranges
                0x0000000000000d40       0x20 /usr/lib/gcc/arm-none-eabi/9.2.1/../../../arm-none-eabi/lib/thumb/v7e-m+fp/hard/libc_nano.a(lib_a-nano-vfprintf_i.o)
 .debug_aranges
                0x0000000000000d60       0x20 /usr/lib/gcc/arm-none-eabi/9.2.1/../../../arm-none-eabi/lib/thumb/v7e-m+fp/hard/libc_nano.a(lib_a-memchr.o)
 .debug_aranges
                0x0000000000000d80       0x20 /usr/lib/gcc/arm-none-eabi/9.2.1/../../../arm-none-eabi/lib/thumb/v7e-m+fp/hard/libc_nano.a(lib_a-memcpy.o)
 .debug_aranges
                0x0000000000000da0       0x20 /usr/lib/gcc/arm-none-eabi/9.2.1/../../../arm-none-eabi/lib/thumb/v7e-m+fp/hard/libc_nano.a(lib_a-memmove.o)
 .debug_aranges
                0x0000000000000dc0       0x20 /usr/lib/gcc/arm-none-eabi/9.2.1/../../../arm-none-eabi/lib/thumb/v7e-m+fp/hard/libc_nano.a(lib_a-nano-freer.o)
 .debug_aranges
                0x0000000000000de0       0x20 /usr/lib/gcc/arm-none-eabi/9.2.1/../../../arm-none-eabi/lib/thumb/v7e-m+fp/hard/libc_nano.a(lib_a-nano-mallocr.o)
 .debug_aranges
                0x0000000000000e00       0x20 /usr/lib/gcc/arm-none-eabi/9.2.1/../../../arm-none-eabi/lib/thumb/v7e-m+fp/hard/libc_nano.a(lib_a-nano-reallocr.o)
 .debug_aranges
                0x0000000000000e20       0x20 /usr/lib/gcc/arm-none-eabi/9.2.1/../../../arm-none-eabi/lib/thumb/v7e-m+fp/hard/libc_nano.a(lib_a-sbrkr.o)
 .debug_aranges
                0x0000000000000e40       0x20 /usr/lib/gcc/arm-none-eabi/9.2.1/../../../arm-none-eabi/lib/thumb/v7e-m+fp/hard/libc_nano.a(lib_a-mlock.o)
 .debug_aranges
                0x0000000000000e60       0x20 /usr/lib/gcc/arm-none-eabi/9.2.1/../../../arm-none-eabi/lib/thumb/v7e-m+fp/hard/libc_nano.a(lib_a-nano-msizer.o)
 .debug_aranges
                0x0000000000000e80       0x20 /usr/lib/gcc/arm-none-eabi/9.2.1/../../../arm-none-eabi/lib/thumb/v7e-m+fp/hard/libc_nano.a(lib_a-reent.o)
 .debug_aranges
                0x0000000000000ea0       0x20 /usr/lib/gcc/arm-none-eabi/9.2.1/thumb/v7e-m+fp/hard/libgcc.a(_arm_addsubdf3.o)
 .debug_aranges
                0x0000000000000ec0       0x20 /usr/lib/gcc/arm-none-eabi/9.2.1/thumb/v7e-m+fp/hard/libgcc.a(_aeabi_ldivmod.o)
 .debug_aranges
                0x0000000000000ee0       0x20 /usr/lib/gcc/arm-none-eabi/9.2.1/thumb/v7e-m+fp/hard/libgcc.a(_aeabi_uldivmod.o)
 .debug_aranges
                0x0000000000000f00       0x20 /usr/lib/gcc/arm-none-eabi/9.2.1/thumb/v7e-m+fp/hard/libgcc.a(_udivmoddi4.o)
 .debug_aranges
                0x0000000000000f20       0x20 /usr/lib/gcc/arm-none-eabi/9.2.1/thumb/v7e-m+fp/hard/libgcc.a(_dvmd_tls.o)

.debug_ranges   0x0000000000000000      0xd78
 .debug_ranges  0x0000000000000000       0x78 ./Core/Src/BMP280/bmp280.o
 .debug_ranges  0x0000000000000078       0x10 ./Core/Src/gpio.o
 .debug_ranges  0x0000000000000088       0x20 ./Core/Src/i2c.o
 .debug_ranges  0x00000000000000a8       0x20 ./Core/Src/main.o
 .debug_ranges  0x00000000000000c8       0x10 ./Core/Src/stm32l4xx_hal_msp.o
 .debug_ranges  0x00000000000000d8       0x50 ./Core/Src/stm32l4xx_it.o
 .debug_ranges  0x0000000000000128       0x10 ./Core/Src/sysmem.o
 .debug_ranges  0x0000000000000138       0x18 ./Core/Src/system_stm32l4xx.o
 .debug_ranges  0x0000000000000150       0x20 ./Core/Src/usart.o
 .debug_ranges  0x0000000000000170       0x20 ./Core/Startup/startup_stm32l476rgtx.o
 .debug_ranges  0x0000000000000190      0x120 ./Drivers/STM32L4xx_HAL_Driver/Src/stm32l4xx_hal.o
 .debug_ranges  0x00000000000002b0      0x108 ./Drivers/STM32L4xx_HAL_Driver/Src/stm32l4xx_hal_cortex.o
 .debug_ranges  0x00000000000003b8       0x48 ./Drivers/STM32L4xx_HAL_Driver/Src/stm32l4xx_hal_gpio.o
 .debug_ranges  0x0000000000000400      0x290 ./Drivers/STM32L4xx_HAL_Driver/Src/stm32l4xx_hal_i2c.o
 .debug_ranges  0x0000000000000690       0x38 ./Drivers/STM32L4xx_HAL_Driver/Src/stm32l4xx_hal_i2c_ex.o
 .debug_ranges  0x00000000000006c8      0x150 ./Drivers/STM32L4xx_HAL_Driver/Src/stm32l4xx_hal_pwr_ex.o
 .debug_ranges  0x0000000000000818       0x80 ./Drivers/STM32L4xx_HAL_Driver/Src/stm32l4xx_hal_rcc.o
 .debug_ranges  0x0000000000000898       0xb0 ./Drivers/STM32L4xx_HAL_Driver/Src/stm32l4xx_hal_rcc_ex.o
 .debug_ranges  0x0000000000000948      0x248 ./Drivers/STM32L4xx_HAL_Driver/Src/stm32l4xx_hal_uart.o
 .debug_ranges  0x0000000000000b90       0x38 /usr/lib/gcc/arm-none-eabi/9.2.1/../../../arm-none-eabi/lib/thumb/v7e-m+fp/hard/libc_nano.a(lib_a-nano-svfprintf.o)
 .debug_ranges  0x0000000000000bc8       0x98 /usr/lib/gcc/arm-none-eabi/9.2.1/../../../arm-none-eabi/lib/thumb/v7e-m+fp/hard/libc_nano.a(lib_a-nano-vfprintf_i.o)
 .debug_ranges  0x0000000000000c60       0x18 /usr/lib/gcc/arm-none-eabi/9.2.1/../../../arm-none-eabi/lib/thumb/v7e-m+fp/hard/libc_nano.a(lib_a-nano-freer.o)
 .debug_ranges  0x0000000000000c78       0x38 /usr/lib/gcc/arm-none-eabi/9.2.1/../../../arm-none-eabi/lib/thumb/v7e-m+fp/hard/libc_nano.a(lib_a-nano-mallocr.o)
 .debug_ranges  0x0000000000000cb0       0xc8 /usr/lib/gcc/arm-none-eabi/9.2.1/thumb/v7e-m+fp/hard/libgcc.a(_udivmoddi4.o)

.debug_macro    0x0000000000000000    0x26a6f
 .debug_macro   0x0000000000000000      0x1fa ./Core/Src/BMP280/bmp280.o
 .debug_macro   0x00000000000001fa      0xaa8 ./Core/Src/BMP280/bmp280.o
 .debug_macro   0x0000000000000ca2      0x1a7 ./Core/Src/BMP280/bmp280.o
 .debug_macro   0x0000000000000e49       0x2e ./Core/Src/BMP280/bmp280.o
 .debug_macro   0x0000000000000e77       0x28 ./Core/Src/BMP280/bmp280.o
 .debug_macro   0x0000000000000e9f      0x34e ./Core/Src/BMP280/bmp280.o
 .debug_macro   0x00000000000011ed       0x1c ./Core/Src/BMP280/bmp280.o
 .debug_macro   0x0000000000001209       0x22 ./Core/Src/BMP280/bmp280.o
 .debug_macro   0x000000000000122b      0x101 ./Core/Src/BMP280/bmp280.o
 .debug_macro   0x000000000000132c     0x1011 ./Core/Src/BMP280/bmp280.o
 .debug_macro   0x000000000000233d      0x11f ./Core/Src/BMP280/bmp280.o
 .debug_macro   0x000000000000245c    0x1a17a ./Core/Src/BMP280/bmp280.o
 .debug_macro   0x000000000001c5d6       0x6d ./Core/Src/BMP280/bmp280.o
 .debug_macro   0x000000000001c643     0x38e6 ./Core/Src/BMP280/bmp280.o
 .debug_macro   0x000000000001ff29      0x174 ./Core/Src/BMP280/bmp280.o
 .debug_macro   0x000000000002009d       0x5c ./Core/Src/BMP280/bmp280.o
 .debug_macro   0x00000000000200f9     0x159e ./Core/Src/BMP280/bmp280.o
 .debug_macro   0x0000000000021697      0x5a5 ./Core/Src/BMP280/bmp280.o
 .debug_macro   0x0000000000021c3c      0x1b9 ./Core/Src/BMP280/bmp280.o
 .debug_macro   0x0000000000021df5      0x18b ./Core/Src/BMP280/bmp280.o
 .debug_macro   0x0000000000021f80      0x26b ./Core/Src/BMP280/bmp280.o
 .debug_macro   0x00000000000221eb      0x23d ./Core/Src/BMP280/bmp280.o
 .debug_macro   0x0000000000022428      0x241 ./Core/Src/BMP280/bmp280.o
 .debug_macro   0x0000000000022669      0x37c ./Core/Src/BMP280/bmp280.o
 .debug_macro   0x00000000000229e5       0xd6 ./Core/Src/BMP280/bmp280.o
 .debug_macro   0x0000000000022abb      0x22c ./Core/Src/BMP280/bmp280.o
 .debug_macro   0x0000000000022ce7       0x61 ./Core/Src/BMP280/bmp280.o
 .debug_macro   0x0000000000022d48       0xa5 ./Core/Src/BMP280/bmp280.o
 .debug_macro   0x0000000000022ded      0x122 ./Core/Src/BMP280/bmp280.o
 .debug_macro   0x0000000000022f0f      0x3ef ./Core/Src/BMP280/bmp280.o
 .debug_macro   0x00000000000232fe      0x5ba ./Core/Src/BMP280/bmp280.o
 .debug_macro   0x00000000000238b8       0x44 ./Core/Src/BMP280/bmp280.o
 .debug_macro   0x00000000000238fc      0x330 ./Core/Src/BMP280/bmp280.o
 .debug_macro   0x0000000000023c2c       0x22 ./Core/Src/BMP280/bmp280.o
 .debug_macro   0x0000000000023c4e       0x1c ./Core/Src/BMP280/bmp280.o
 .debug_macro   0x0000000000023c6a      0x195 ./Core/Src/gpio.o
 .debug_macro   0x0000000000023dff       0x58 ./Core/Src/gpio.o
 .debug_macro   0x0000000000023e57      0x195 ./Core/Src/i2c.o
 .debug_macro   0x0000000000023fec      0x34e ./Core/Src/main.o
 .debug_macro   0x000000000002433a       0x22 ./Core/Src/main.o
 .debug_macro   0x000000000002435c       0x46 ./Core/Src/main.o
 .debug_macro   0x00000000000243a2       0x18 ./Core/Src/main.o
 .debug_macro   0x00000000000243ba       0x94 ./Core/Src/main.o
 .debug_macro   0x000000000002444e       0x3c ./Core/Src/main.o
 .debug_macro   0x000000000002448a       0x34 ./Core/Src/main.o
 .debug_macro   0x00000000000244be       0x16 ./Core/Src/main.o
 .debug_macro   0x00000000000244d4       0x57 ./Core/Src/main.o
 .debug_macro   0x000000000002452b       0x97 ./Core/Src/main.o
 .debug_macro   0x00000000000245c2      0x339 ./Core/Src/main.o
 .debug_macro   0x00000000000248fb       0xfd ./Core/Src/main.o
 .debug_macro   0x00000000000249f8       0x10 ./Core/Src/main.o
 .debug_macro   0x0000000000024a08       0x16 ./Core/Src/main.o
 .debug_macro   0x0000000000024a1e       0x43 ./Core/Src/main.o
 .debug_macro   0x0000000000024a61       0x34 ./Core/Src/main.o
 .debug_macro   0x0000000000024a95       0x10 ./Core/Src/main.o
 .debug_macro   0x0000000000024aa5       0x52 ./Core/Src/main.o
 .debug_macro   0x0000000000024af7       0x71 ./Core/Src/main.o
 .debug_macro   0x0000000000024b68       0x1c ./Core/Src/main.o
 .debug_macro   0x0000000000024b84      0x12a ./Core/Src/main.o
 .debug_macro   0x0000000000024cae       0x10 ./Core/Src/main.o
 .debug_macro   0x0000000000024cbe       0x6a ./Core/Src/main.o
 .debug_macro   0x0000000000024d28       0x1c ./Core/Src/main.o
 .debug_macro   0x0000000000024d44       0x52 ./Core/Src/main.o
 .debug_macro   0x0000000000024d96       0x22 ./Core/Src/main.o
 .debug_macro   0x0000000000024db8       0x10 ./Core/Src/main.o
 .debug_macro   0x0000000000024dc8       0x40 ./Core/Src/main.o
 .debug_macro   0x0000000000024e08       0xd5 ./Core/Src/main.o
 .debug_macro   0x0000000000024edd       0x1c ./Core/Src/main.o
 .debug_macro   0x0000000000024ef9       0x3d ./Core/Src/main.o
 .debug_macro   0x0000000000024f36       0x16 ./Core/Src/main.o
 .debug_macro   0x0000000000024f4c      0x145 ./Core/Src/main.o
 .debug_macro   0x0000000000025091       0xfb ./Core/Src/main.o
 .debug_macro   0x000000000002518c       0x56 ./Core/Src/main.o
 .debug_macro   0x00000000000251e2      0x18b ./Core/Src/stm32l4xx_hal_msp.o
 .debug_macro   0x000000000002536d      0x195 ./Core/Src/stm32l4xx_it.o
 .debug_macro   0x0000000000025502       0xdd ./Core/Src/sysmem.o
 .debug_macro   0x00000000000255df      0x23b ./Core/Src/sysmem.o
 .debug_macro   0x000000000002581a      0x17c ./Core/Src/system_stm32l4xx.o
 .debug_macro   0x0000000000025996      0x195 ./Core/Src/usart.o
 .debug_macro   0x0000000000025b2b      0x1ca ./Drivers/STM32L4xx_HAL_Driver/Src/stm32l4xx_hal.o
 .debug_macro   0x0000000000025cf5      0x17c ./Drivers/STM32L4xx_HAL_Driver/Src/stm32l4xx_hal_cortex.o
 .debug_macro   0x0000000000025e71      0x183 ./Drivers/STM32L4xx_HAL_Driver/Src/stm32l4xx_hal_gpio.o
 .debug_macro   0x0000000000025ff4      0x248 ./Drivers/STM32L4xx_HAL_Driver/Src/stm32l4xx_hal_i2c.o
 .debug_macro   0x000000000002623c      0x17c ./Drivers/STM32L4xx_HAL_Driver/Src/stm32l4xx_hal_i2c_ex.o
 .debug_macro   0x00000000000263b8      0x1a0 ./Drivers/STM32L4xx_HAL_Driver/Src/stm32l4xx_hal_pwr_ex.o
 .debug_macro   0x0000000000026558      0x1be ./Drivers/STM32L4xx_HAL_Driver/Src/stm32l4xx_hal_rcc.o
 .debug_macro   0x0000000000026716      0x1b2 ./Drivers/STM32L4xx_HAL_Driver/Src/stm32l4xx_hal_rcc_ex.o
 .debug_macro   0x00000000000268c8      0x1a7 ./Drivers/STM32L4xx_HAL_Driver/Src/stm32l4xx_hal_uart.o

.debug_line     0x0000000000000000    0x10617
 .debug_line    0x0000000000000000      0x915 ./Core/Src/BMP280/bmp280.o
 .debug_line    0x0000000000000915      0x3d7 ./Core/Src/gpio.o
 .debug_line    0x0000000000000cec      0x44e ./Core/Src/i2c.o
 .debug_line    0x000000000000113a      0x6c5 ./Core/Src/main.o
 .debug_line    0x00000000000017ff      0x3bd ./Core/Src/stm32l4xx_hal_msp.o
 .debug_line    0x0000000000001bbc      0x480 ./Core/Src/stm32l4xx_it.o
 .debug_line    0x000000000000203c      0x1cb ./Core/Src/sysmem.o
 .debug_line    0x0000000000002207      0x453 ./Core/Src/system_stm32l4xx.o
 .debug_line    0x000000000000265a      0x43f ./Core/Src/usart.o
 .debug_line    0x0000000000002a99       0x88 ./Core/Startup/startup_stm32l476rgtx.o
 .debug_line    0x0000000000002b21      0x7ae ./Drivers/STM32L4xx_HAL_Driver/Src/stm32l4xx_hal.o
 .debug_line    0x00000000000032cf      0x954 ./Drivers/STM32L4xx_HAL_Driver/Src/stm32l4xx_hal_cortex.o
 .debug_line    0x0000000000003c23      0x821 ./Drivers/STM32L4xx_HAL_Driver/Src/stm32l4xx_hal_gpio.o
 .debug_line    0x0000000000004444     0x333f ./Drivers/STM32L4xx_HAL_Driver/Src/stm32l4xx_hal_i2c.o
 .debug_line    0x0000000000007783      0x5db ./Drivers/STM32L4xx_HAL_Driver/Src/stm32l4xx_hal_i2c_ex.o
 .debug_line    0x0000000000007d5e      0x999 ./Drivers/STM32L4xx_HAL_Driver/Src/stm32l4xx_hal_pwr_ex.o
 .debug_line    0x00000000000086f7      0xc26 ./Drivers/STM32L4xx_HAL_Driver/Src/stm32l4xx_hal_rcc.o
 .debug_line    0x000000000000931d     0x1166 ./Drivers/STM32L4xx_HAL_Driver/Src/stm32l4xx_hal_rcc_ex.o
 .debug_line    0x000000000000a483     0x2f2a ./Drivers/STM32L4xx_HAL_Driver/Src/stm32l4xx_hal_uart.o
 .debug_line    0x000000000000d3ad      0x108 /usr/lib/gcc/arm-none-eabi/9.2.1/../../../arm-none-eabi/lib/thumb/v7e-m+fp/hard/libc_nano.a(lib_a-errno.o)
 .debug_line    0x000000000000d4b5       0xe3 /usr/lib/gcc/arm-none-eabi/9.2.1/../../../arm-none-eabi/lib/thumb/v7e-m+fp/hard/libc_nano.a(lib_a-impure.o)
 .debug_line    0x000000000000d598      0x10d /usr/lib/gcc/arm-none-eabi/9.2.1/../../../arm-none-eabi/lib/thumb/v7e-m+fp/hard/libc_nano.a(lib_a-init.o)
 .debug_line    0x000000000000d6a5      0x26b /usr/lib/gcc/arm-none-eabi/9.2.1/../../../arm-none-eabi/lib/thumb/v7e-m+fp/hard/libc_nano.a(lib_a-memset.o)
 .debug_line    0x000000000000d910      0x22c /usr/lib/gcc/arm-none-eabi/9.2.1/../../../arm-none-eabi/lib/thumb/v7e-m+fp/hard/libc_nano.a(lib_a-sprintf.o)
 .debug_line    0x000000000000db3c      0x884 /usr/lib/gcc/arm-none-eabi/9.2.1/../../../arm-none-eabi/lib/thumb/v7e-m+fp/hard/libc_nano.a(lib_a-nano-svfprintf.o)
 .debug_line    0x000000000000e3c0      0x790 /usr/lib/gcc/arm-none-eabi/9.2.1/../../../arm-none-eabi/lib/thumb/v7e-m+fp/hard/libc_nano.a(lib_a-nano-vfprintf_i.o)
 .debug_line    0x000000000000eb50       0xa4 /usr/lib/gcc/arm-none-eabi/9.2.1/../../../arm-none-eabi/lib/thumb/v7e-m+fp/hard/libc_nano.a(lib_a-memchr.o)
 .debug_line    0x000000000000ebf4       0xbe /usr/lib/gcc/arm-none-eabi/9.2.1/../../../arm-none-eabi/lib/thumb/v7e-m+fp/hard/libc_nano.a(lib_a-memcpy.o)
 .debug_line    0x000000000000ecb2      0x287 /usr/lib/gcc/arm-none-eabi/9.2.1/../../../arm-none-eabi/lib/thumb/v7e-m+fp/hard/libc_nano.a(lib_a-memmove.o)
 .debug_line    0x000000000000ef39      0x2af /usr/lib/gcc/arm-none-eabi/9.2.1/../../../arm-none-eabi/lib/thumb/v7e-m+fp/hard/libc_nano.a(lib_a-nano-freer.o)
 .debug_line    0x000000000000f1e8      0x2f2 /usr/lib/gcc/arm-none-eabi/9.2.1/../../../arm-none-eabi/lib/thumb/v7e-m+fp/hard/libc_nano.a(lib_a-nano-mallocr.o)
 .debug_line    0x000000000000f4da      0x1c5 /usr/lib/gcc/arm-none-eabi/9.2.1/../../../arm-none-eabi/lib/thumb/v7e-m+fp/hard/libc_nano.a(lib_a-nano-reallocr.o)
 .debug_line    0x000000000000f69f      0x182 /usr/lib/gcc/arm-none-eabi/9.2.1/../../../arm-none-eabi/lib/thumb/v7e-m+fp/hard/libc_nano.a(lib_a-sbrkr.o)
 .debug_line    0x000000000000f821      0x13d /usr/lib/gcc/arm-none-eabi/9.2.1/../../../arm-none-eabi/lib/thumb/v7e-m+fp/hard/libc_nano.a(lib_a-mlock.o)
 .debug_line    0x000000000000f95e      0x166 /usr/lib/gcc/arm-none-eabi/9.2.1/../../../arm-none-eabi/lib/thumb/v7e-m+fp/hard/libc_nano.a(lib_a-nano-msizer.o)
 .debug_line    0x000000000000fac4      0x275 /usr/lib/gcc/arm-none-eabi/9.2.1/../../../arm-none-eabi/lib/thumb/v7e-m+fp/hard/libc_nano.a(lib_a-reent.o)
 .debug_line    0x000000000000fd39      0x186 /usr/lib/gcc/arm-none-eabi/9.2.1/thumb/v7e-m+fp/hard/libgcc.a(_arm_addsubdf3.o)
 .debug_line    0x000000000000febf       0x7e /usr/lib/gcc/arm-none-eabi/9.2.1/thumb/v7e-m+fp/hard/libgcc.a(_aeabi_ldivmod.o)
 .debug_line    0x000000000000ff3d       0x60 /usr/lib/gcc/arm-none-eabi/9.2.1/thumb/v7e-m+fp/hard/libgcc.a(_aeabi_uldivmod.o)
 .debug_line    0x000000000000ff9d      0x61a /usr/lib/gcc/arm-none-eabi/9.2.1/thumb/v7e-m+fp/hard/libgcc.a(_udivmoddi4.o)
 .debug_line    0x00000000000105b7       0x60 /usr/lib/gcc/arm-none-eabi/9.2.1/thumb/v7e-m+fp/hard/libgcc.a(_dvmd_tls.o)

.debug_str      0x0000000000000000    0xed50d
 .debug_str     0x0000000000000000    0xe2f02 ./Core/Src/BMP280/bmp280.o
                                      0xe32e1 (size before relaxing)
 .debug_str     0x00000000000e2f02      0x330 ./Core/Src/gpio.o
                                      0xe2a13 (size before relaxing)
 .debug_str     0x00000000000e3232      0x2b6 ./Core/Src/i2c.o
                                      0xe3147 (size before relaxing)
 .debug_str     0x00000000000e34e8     0x46fa ./Core/Src/main.o
                                      0xe78a5 (size before relaxing)
 .debug_str     0x00000000000e7be2       0x2c ./Core/Src/stm32l4xx_hal_msp.o
                                      0xe297c (size before relaxing)
 .debug_str     0x00000000000e7c0e       0xbd ./Core/Src/stm32l4xx_it.o
                                      0xe28bd (size before relaxing)
 .debug_str     0x00000000000e7ccb      0x4e9 ./Core/Src/sysmem.o
                                       0x6065 (size before relaxing)
 .debug_str     0x00000000000e81b4       0xb8 ./Core/Src/system_stm32l4xx.o
                                      0xe28d1 (size before relaxing)
 .debug_str     0x00000000000e826c       0x57 ./Core/Src/usart.o
                                      0xe3094 (size before relaxing)
 .debug_str     0x00000000000e82c3       0x34 ./Core/Startup/startup_stm32l476rgtx.o
                                         0x6e (size before relaxing)
 .debug_str     0x00000000000e82f7      0xa54 ./Drivers/STM32L4xx_HAL_Driver/Src/stm32l4xx_hal.o
                                      0xe343c (size before relaxing)
 .debug_str     0x00000000000e8d4b      0x389 ./Drivers/STM32L4xx_HAL_Driver/Src/stm32l4xx_hal_cortex.o
                                      0xe3140 (size before relaxing)
 .debug_str     0x00000000000e90d4      0x161 ./Drivers/STM32L4xx_HAL_Driver/Src/stm32l4xx_hal_gpio.o
                                      0xe2a8b (size before relaxing)
 .debug_str     0x00000000000e9235      0xdc3 ./Drivers/STM32L4xx_HAL_Driver/Src/stm32l4xx_hal_i2c.o
                                      0xe3a8e (size before relaxing)
 .debug_str     0x00000000000e9ff8       0xb8 ./Drivers/STM32L4xx_HAL_Driver/Src/stm32l4xx_hal_i2c_ex.o
                                      0xe2e00 (size before relaxing)
 .debug_str     0x00000000000ea0b0      0x4ef ./Drivers/STM32L4xx_HAL_Driver/Src/stm32l4xx_hal_pwr_ex.o
                                      0xe2e42 (size before relaxing)
 .debug_str     0x00000000000ea59f      0x35a ./Drivers/STM32L4xx_HAL_Driver/Src/stm32l4xx_hal_rcc.o
                                      0xe2ec0 (size before relaxing)
 .debug_str     0x00000000000ea8f9      0x3a6 ./Drivers/STM32L4xx_HAL_Driver/Src/stm32l4xx_hal_rcc_ex.o
                                      0xe3034 (size before relaxing)
 .debug_str     0x00000000000eac9f      0x8b4 ./Drivers/STM32L4xx_HAL_Driver/Src/stm32l4xx_hal_uart.o
                                      0xe353d (size before relaxing)
 .debug_str     0x00000000000eb553      0x12c /usr/lib/gcc/arm-none-eabi/9.2.1/../../../arm-none-eabi/lib/thumb/v7e-m+fp/hard/libc_nano.a(lib_a-errno.o)
                                        0x5f4 (size before relaxing)
 .debug_str     0x00000000000eb67f       0xa0 /usr/lib/gcc/arm-none-eabi/9.2.1/../../../arm-none-eabi/lib/thumb/v7e-m+fp/hard/libc_nano.a(lib_a-impure.o)
                                        0x5e2 (size before relaxing)
 .debug_str     0x00000000000eb71f       0xf0 /usr/lib/gcc/arm-none-eabi/9.2.1/../../../arm-none-eabi/lib/thumb/v7e-m+fp/hard/libc_nano.a(lib_a-init.o)
                                        0x229 (size before relaxing)
 .debug_str     0x00000000000eb80f      0x31e /usr/lib/gcc/arm-none-eabi/9.2.1/../../../arm-none-eabi/lib/thumb/v7e-m+fp/hard/libc_nano.a(lib_a-memset.o)
                                        0x90f (size before relaxing)
 .debug_str     0x00000000000ebb2d      0x1c2 /usr/lib/gcc/arm-none-eabi/9.2.1/../../../arm-none-eabi/lib/thumb/v7e-m+fp/hard/libc_nano.a(lib_a-sprintf.o)
                                        0x75d (size before relaxing)
 .debug_str     0x00000000000ebcef      0x1a3 /usr/lib/gcc/arm-none-eabi/9.2.1/../../../arm-none-eabi/lib/thumb/v7e-m+fp/hard/libc_nano.a(lib_a-nano-svfprintf.o)
                                        0xc15 (size before relaxing)
 .debug_str     0x00000000000ebe92       0x94 /usr/lib/gcc/arm-none-eabi/9.2.1/../../../arm-none-eabi/lib/thumb/v7e-m+fp/hard/libc_nano.a(lib_a-nano-vfprintf_i.o)
                                        0xbac (size before relaxing)
 .debug_str     0x00000000000ebf26       0xa3 /usr/lib/gcc/arm-none-eabi/9.2.1/../../../arm-none-eabi/lib/thumb/v7e-m+fp/hard/libc_nano.a(lib_a-memchr.o)
                                         0xaf (size before relaxing)
 .debug_str     0x00000000000ebfc9       0x43 /usr/lib/gcc/arm-none-eabi/9.2.1/../../../arm-none-eabi/lib/thumb/v7e-m+fp/hard/libc_nano.a(lib_a-memcpy.o)
                                         0xb6 (size before relaxing)
 .debug_str     0x00000000000ec00c       0x66 /usr/lib/gcc/arm-none-eabi/9.2.1/../../../arm-none-eabi/lib/thumb/v7e-m+fp/hard/libc_nano.a(lib_a-memmove.o)
                                        0x92e (size before relaxing)
 .debug_str     0x00000000000ec072      0x182 /usr/lib/gcc/arm-none-eabi/9.2.1/../../../arm-none-eabi/lib/thumb/v7e-m+fp/hard/libc_nano.a(lib_a-nano-freer.o)
                                        0x712 (size before relaxing)
 .debug_str     0x00000000000ec1f4       0x32 /usr/lib/gcc/arm-none-eabi/9.2.1/../../../arm-none-eabi/lib/thumb/v7e-m+fp/hard/libc_nano.a(lib_a-nano-mallocr.o)
                                        0x729 (size before relaxing)
 .debug_str     0x00000000000ec226       0x23 /usr/lib/gcc/arm-none-eabi/9.2.1/../../../arm-none-eabi/lib/thumb/v7e-m+fp/hard/libc_nano.a(lib_a-nano-reallocr.o)
                                        0x70f (size before relaxing)
 .debug_str     0x00000000000ec249       0x32 /usr/lib/gcc/arm-none-eabi/9.2.1/../../../arm-none-eabi/lib/thumb/v7e-m+fp/hard/libc_nano.a(lib_a-sbrkr.o)
                                        0x625 (size before relaxing)
 .debug_str     0x00000000000ec27b       0x4c /usr/lib/gcc/arm-none-eabi/9.2.1/../../../arm-none-eabi/lib/thumb/v7e-m+fp/hard/libc_nano.a(lib_a-mlock.o)
                                        0x60e (size before relaxing)
 .debug_str     0x00000000000ec2c7        0xf /usr/lib/gcc/arm-none-eabi/9.2.1/../../../arm-none-eabi/lib/thumb/v7e-m+fp/hard/libc_nano.a(lib_a-nano-msizer.o)
                                        0x6ed (size before relaxing)
 .debug_str     0x00000000000ec2d6       0x5e /usr/lib/gcc/arm-none-eabi/9.2.1/../../../arm-none-eabi/lib/thumb/v7e-m+fp/hard/libc_nano.a(lib_a-reent.o)
                                        0x61e (size before relaxing)
 .debug_str     0x00000000000ec334       0x9c /usr/lib/gcc/arm-none-eabi/9.2.1/thumb/v7e-m+fp/hard/libgcc.a(_arm_addsubdf3.o)
                                         0xa8 (size before relaxing)
 .debug_str     0x00000000000ec3d0       0x2c /usr/lib/gcc/arm-none-eabi/9.2.1/thumb/v7e-m+fp/hard/libgcc.a(_aeabi_ldivmod.o)
                                         0xa3 (size before relaxing)
 .debug_str     0x00000000000ec3fc       0xa3 /usr/lib/gcc/arm-none-eabi/9.2.1/thumb/v7e-m+fp/hard/libgcc.a(_aeabi_uldivmod.o)
 .debug_str     0x00000000000ec3fc     0x10e1 /usr/lib/gcc/arm-none-eabi/9.2.1/thumb/v7e-m+fp/hard/libgcc.a(_udivmoddi4.o)
                                       0x11e6 (size before relaxing)
 .debug_str     0x00000000000ed4dd       0x30 /usr/lib/gcc/arm-none-eabi/9.2.1/thumb/v7e-m+fp/hard/libgcc.a(_dvmd_tls.o)
                                         0xa7 (size before relaxing)

.debug_frame    0x0000000000000000     0x36fc
 .debug_frame   0x0000000000000000      0x228 ./Core/Src/BMP280/bmp280.o
 .debug_frame   0x0000000000000228       0x34 ./Core/Src/gpio.o
 .debug_frame   0x000000000000025c       0x78 ./Core/Src/i2c.o
 .debug_frame   0x00000000000002d4       0x70 ./Core/Src/main.o
 .debug_frame   0x0000000000000344       0x38 ./Core/Src/stm32l4xx_hal_msp.o
 .debug_frame   0x000000000000037c      0x104 ./Core/Src/stm32l4xx_it.o
 .debug_frame   0x0000000000000480       0x34 ./Core/Src/sysmem.o
 .debug_frame   0x00000000000004b4       0x58 ./Core/Src/system_stm32l4xx.o
 .debug_frame   0x000000000000050c       0x78 ./Core/Src/usart.o
 .debug_frame   0x0000000000000584      0x498 ./Drivers/STM32L4xx_HAL_Driver/Src/stm32l4xx_hal.o
 .debug_frame   0x0000000000000a1c      0x498 ./Drivers/STM32L4xx_HAL_Driver/Src/stm32l4xx_hal_cortex.o
 .debug_frame   0x0000000000000eb4      0x14c ./Drivers/STM32L4xx_HAL_Driver/Src/stm32l4xx_hal_gpio.o
 .debug_frame   0x0000000000001000      0xc38 ./Drivers/STM32L4xx_HAL_Driver/Src/stm32l4xx_hal_i2c.o
 .debug_frame   0x0000000000001c38      0x100 ./Drivers/STM32L4xx_HAL_Driver/Src/stm32l4xx_hal_i2c_ex.o
 .debug_frame   0x0000000000001d38      0x584 ./Drivers/STM32L4xx_HAL_Driver/Src/stm32l4xx_hal_pwr_ex.o
 .debug_frame   0x00000000000022bc      0x21c ./Drivers/STM32L4xx_HAL_Driver/Src/stm32l4xx_hal_rcc.o
 .debug_frame   0x00000000000024d8      0x2fc ./Drivers/STM32L4xx_HAL_Driver/Src/stm32l4xx_hal_rcc_ex.o
 .debug_frame   0x00000000000027d4      0x9ec ./Drivers/STM32L4xx_HAL_Driver/Src/stm32l4xx_hal_uart.o
 .debug_frame   0x00000000000031c0       0x20 /usr/lib/gcc/arm-none-eabi/9.2.1/../../../arm-none-eabi/lib/thumb/v7e-m+fp/hard/libc_nano.a(lib_a-errno.o)
 .debug_frame   0x00000000000031e0       0x2c /usr/lib/gcc/arm-none-eabi/9.2.1/../../../arm-none-eabi/lib/thumb/v7e-m+fp/hard/libc_nano.a(lib_a-init.o)
 .debug_frame   0x000000000000320c       0x38 /usr/lib/gcc/arm-none-eabi/9.2.1/../../../arm-none-eabi/lib/thumb/v7e-m+fp/hard/libc_nano.a(lib_a-memset.o)
 .debug_frame   0x0000000000003244       0x80 /usr/lib/gcc/arm-none-eabi/9.2.1/../../../arm-none-eabi/lib/thumb/v7e-m+fp/hard/libc_nano.a(lib_a-sprintf.o)
 .debug_frame   0x00000000000032c4       0x98 /usr/lib/gcc/arm-none-eabi/9.2.1/../../../arm-none-eabi/lib/thumb/v7e-m+fp/hard/libc_nano.a(lib_a-nano-svfprintf.o)
 .debug_frame   0x000000000000335c       0x68 /usr/lib/gcc/arm-none-eabi/9.2.1/../../../arm-none-eabi/lib/thumb/v7e-m+fp/hard/libc_nano.a(lib_a-nano-vfprintf_i.o)
 .debug_frame   0x00000000000033c4       0x40 /usr/lib/gcc/arm-none-eabi/9.2.1/../../../arm-none-eabi/lib/thumb/v7e-m+fp/hard/libc_nano.a(lib_a-memmove.o)
 .debug_frame   0x0000000000003404       0x58 /usr/lib/gcc/arm-none-eabi/9.2.1/../../../arm-none-eabi/lib/thumb/v7e-m+fp/hard/libc_nano.a(lib_a-nano-freer.o)
 .debug_frame   0x000000000000345c       0x30 /usr/lib/gcc/arm-none-eabi/9.2.1/../../../arm-none-eabi/lib/thumb/v7e-m+fp/hard/libc_nano.a(lib_a-nano-mallocr.o)
 .debug_frame   0x000000000000348c       0x38 /usr/lib/gcc/arm-none-eabi/9.2.1/../../../arm-none-eabi/lib/thumb/v7e-m+fp/hard/libc_nano.a(lib_a-nano-reallocr.o)
 .debug_frame   0x00000000000034c4       0x2c /usr/lib/gcc/arm-none-eabi/9.2.1/../../../arm-none-eabi/lib/thumb/v7e-m+fp/hard/libc_nano.a(lib_a-sbrkr.o)
 .debug_frame   0x00000000000034f0       0x30 /usr/lib/gcc/arm-none-eabi/9.2.1/../../../arm-none-eabi/lib/thumb/v7e-m+fp/hard/libc_nano.a(lib_a-mlock.o)
 .debug_frame   0x0000000000003520       0x20 /usr/lib/gcc/arm-none-eabi/9.2.1/../../../arm-none-eabi/lib/thumb/v7e-m+fp/hard/libc_nano.a(lib_a-nano-msizer.o)
 .debug_frame   0x0000000000003540       0x6c /usr/lib/gcc/arm-none-eabi/9.2.1/../../../arm-none-eabi/lib/thumb/v7e-m+fp/hard/libc_nano.a(lib_a-reent.o)
 .debug_frame   0x00000000000035ac       0xac /usr/lib/gcc/arm-none-eabi/9.2.1/thumb/v7e-m+fp/hard/libgcc.a(_arm_addsubdf3.o)
 .debug_frame   0x0000000000003658       0x44 /usr/lib/gcc/arm-none-eabi/9.2.1/thumb/v7e-m+fp/hard/libgcc.a(_aeabi_ldivmod.o)
 .debug_frame   0x000000000000369c       0x2c /usr/lib/gcc/arm-none-eabi/9.2.1/thumb/v7e-m+fp/hard/libgcc.a(_aeabi_uldivmod.o)
 .debug_frame   0x00000000000036c8       0x34 /usr/lib/gcc/arm-none-eabi/9.2.1/thumb/v7e-m+fp/hard/libgcc.a(_udivmoddi4.o)

.debug_loc      0x0000000000000000     0x2fd2
 .debug_loc     0x0000000000000000       0xba /usr/lib/gcc/arm-none-eabi/9.2.1/../../../arm-none-eabi/lib/thumb/v7e-m+fp/hard/libc_nano.a(lib_a-init.o)
 .debug_loc     0x00000000000000ba      0x231 /usr/lib/gcc/arm-none-eabi/9.2.1/../../../arm-none-eabi/lib/thumb/v7e-m+fp/hard/libc_nano.a(lib_a-memset.o)
 .debug_loc     0x00000000000002eb       0xc2 /usr/lib/gcc/arm-none-eabi/9.2.1/../../../arm-none-eabi/lib/thumb/v7e-m+fp/hard/libc_nano.a(lib_a-sprintf.o)
 .debug_loc     0x00000000000003ad      0x845 /usr/lib/gcc/arm-none-eabi/9.2.1/../../../arm-none-eabi/lib/thumb/v7e-m+fp/hard/libc_nano.a(lib_a-nano-svfprintf.o)
 .debug_loc     0x0000000000000bf2      0x7ab /usr/lib/gcc/arm-none-eabi/9.2.1/../../../arm-none-eabi/lib/thumb/v7e-m+fp/hard/libc_nano.a(lib_a-nano-vfprintf_i.o)
 .debug_loc     0x000000000000139d      0x2f1 /usr/lib/gcc/arm-none-eabi/9.2.1/../../../arm-none-eabi/lib/thumb/v7e-m+fp/hard/libc_nano.a(lib_a-memmove.o)
 .debug_loc     0x000000000000168e      0x211 /usr/lib/gcc/arm-none-eabi/9.2.1/../../../arm-none-eabi/lib/thumb/v7e-m+fp/hard/libc_nano.a(lib_a-nano-freer.o)
 .debug_loc     0x000000000000189f      0x437 /usr/lib/gcc/arm-none-eabi/9.2.1/../../../arm-none-eabi/lib/thumb/v7e-m+fp/hard/libc_nano.a(lib_a-nano-mallocr.o)
 .debug_loc     0x0000000000001cd6      0x133 /usr/lib/gcc/arm-none-eabi/9.2.1/../../../arm-none-eabi/lib/thumb/v7e-m+fp/hard/libc_nano.a(lib_a-nano-reallocr.o)
 .debug_loc     0x0000000000001e09       0x6c /usr/lib/gcc/arm-none-eabi/9.2.1/../../../arm-none-eabi/lib/thumb/v7e-m+fp/hard/libc_nano.a(lib_a-sbrkr.o)
 .debug_loc     0x0000000000001e75       0x86 /usr/lib/gcc/arm-none-eabi/9.2.1/../../../arm-none-eabi/lib/thumb/v7e-m+fp/hard/libc_nano.a(lib_a-nano-msizer.o)
 .debug_loc     0x0000000000001efb      0x135 /usr/lib/gcc/arm-none-eabi/9.2.1/../../../arm-none-eabi/lib/thumb/v7e-m+fp/hard/libc_nano.a(lib_a-reent.o)
 .debug_loc     0x0000000000002030      0xfa2 /usr/lib/gcc/arm-none-eabi/9.2.1/thumb/v7e-m+fp/hard/libgcc.a(_udivmoddi4.o)
